<html>
<body>
<pre>
<h1>µVision Build Log</h1>
<h2>Project:</h2>
C:\Users\Jasiek\Documents\PPO\PPO\SERVO\1_3\servo.uvproj
Project File Date:  06/01/2026

<h2>Output:</h2>
Rebuild target 'Target 1'
assembling Startup.s...
compiling keyboard.c...
compiling led.c...
compiling main.c...
compiling servo.c...
compiling strings.c...
compiling timer_interrupts.c...
compiling uart.c...
compiling watch.c...
compiling decoder.c...
linking...
Program Size: Code=4808 RO-data=32 RW-data=68 ZI-data=1372  
FromELF: creating hex file...
".\servo.axf" - 0 Errors, 0 Warning(s).
Rebuild target 'Target 1'
assembling Startup.s...
compiling decoder.cpp...
compiling keyboard.cpp...
compiling led.cpp...
compiling main.cpp...
compiling servo.cpp...
compiling strings.cpp...
compiling timer_interrupts.cpp...
compiling uart.cpp...
compiling watch.cpp...
linking...
Program Size: Code=4808 RO-data=32 RW-data=68 ZI-data=1372  
FromELF: creating hex file...
".\servo.axf" - 0 Errors, 0 Warning(s).
Rebuild target 'Target 1'
assembling Startup.s...
compiling decoder.cpp...
compiling keyboard.cpp...
compiling led.cpp...
compiling main.cpp...
compiling servo.cpp...
compiling strings.cpp...
compiling timer_interrupts.cpp...
compiling uart.cpp...
compiling watch.cpp...
watch.cpp(20): error:  #504-D: nonstandard form for taking the address of a member function
watch.cpp(20): error:  #167: argument of type "void (Watch::*)()" is incompatible with parameter of type "void (*)()"
".\servo.axf" - 2 Errors, 0 Warning(s).
Target not created
Rebuild target 'Target 1'
assembling Startup.s...
compiling decoder.cpp...
compiling keyboard.cpp...
compiling led.cpp...
compiling main.cpp...
compiling servo.cpp...
compiling strings.cpp...
compiling timer_interrupts.cpp...
compiling uart.cpp...
compiling watch.cpp...
linking...
Program Size: Code=4816 RO-data=32 RW-data=68 ZI-data=1372  
FromELF: creating hex file...
".\servo.axf" - 0 Errors, 0 Warning(s).
Rebuild target 'Target 1'
assembling Startup.s...
compiling decoder.cpp...
compiling keyboard.cpp...
compiling led.cpp...
compiling main.cpp...
compiling servo.cpp...
compiling strings.cpp...
compiling timer_interrupts.cpp...
compiling uart.cpp...
compiling watch.cpp...
linking...
.\servo.axf: Error: L6218E: Undefined symbol Watch::Watch() (referred from main.o).
".\servo.axf" - 1 Errors, 0 Warning(s).
Target not created
Rebuild target 'Target 1'
assembling Startup.s...
compiling decoder.cpp...
compiling keyboard.cpp...
compiling led.cpp...
compiling main.cpp...
compiling servo.cpp...
compiling strings.cpp...
compiling timer_interrupts.cpp...
compiling uart.cpp...
compiling watch.cpp...
linking...
Program Size: Code=4880 RO-data=36 RW-data=68 ZI-data=1372  
FromELF: creating hex file...
".\servo.axf" - 0 Errors, 0 Warning(s).
Rebuild target 'Target 1'
assembling Startup.s...
compiling decoder.cpp...
compiling keyboard.cpp...
compiling led.cpp...
compiling main.cpp...
compiling servo.cpp...
compiling strings.cpp...
compiling timer_interrupts.cpp...
compiling uart.cpp...
compiling watch.cpp...
linking...
Program Size: Code=4808 RO-data=32 RW-data=68 ZI-data=1372  
FromELF: creating hex file...
".\servo.axf" - 0 Errors, 0 Warning(s).
