<html>
<body>
<pre>
<h1>µVision Build Log</h1>
<h2>Project:</h2>
C:\Users\Jasiek\Documents\PPO\8\8f\zad8f.uvproj
Project File Date:  03/30/2026

<h2>Output:</h2>
Rebuild target 'Target 1'
assembling Startup.s...
compiling keyboard.cpp...
compiling led.cpp...
compiling ledinv.cpp...
compiling main.cpp...
compiling stepper.cpp...
linking...
Program Size: Code=2440 RO-data=60 RW-data=16 ZI-data=1256  
".\zad8f.axf" - 0 Errors, 0 Warning(s).
Rebuild target 'Target 1'
assembling Startup.s...
compiling keyboard.cpp...
compiling led.cpp...
compiling ledinv.cpp...
compiling main.cpp...
main.cpp(29): error:  #322: object of abstract class type "Led" is not allowed:
            function "Led::On" is a pure virtual function
                        pLed = new Led();
                                   ^
main.cpp: 0 warnings, 1 error
compiling stepper.cpp...
compiling ledpos.cpp...
ledpos.h(12): warning:  #1-D: last line of file ends without a newline
".\zad8f.axf" - 1 Errors, 1 Warning(s).
Target not created
Rebuild target 'Target 1'
assembling Startup.s...
compiling keyboard.cpp...
compiling led.cpp...
compiling ledinv.cpp...
compiling main.cpp...
main.cpp(29): error:  #322: object of abstract class type "Led" is not allowed:
            function "Led::On" is a pure virtual function
                        pLed = new Led();
                                   ^
main.cpp: 0 warnings, 1 error
compiling stepper.cpp...
compiling ledpos.cpp...
".\zad8f.axf" - 1 Errors, 0 Warning(s).
Target not created
