<html>
<body>
<pre>
<h1>µVision Build Log</h1>
<h2>Project:</h2>
C:\Users\Jasiek\Documents\PPO\6\zad6.uvproj
Project File Date:  03/29/2026

<h2>Output:</h2>
Rebuild target 'Target 1'
assembling Startup.s...
compiling main.cpp...
compiling led.cpp...
compiling stepper.cpp...
linking...
Program Size: Code=964 RO-data=36 RW-data=4 ZI-data=1260  
".\zad6.axf" - 0 Errors, 0 Warning(s).
Rebuild target 'Target 1'
assembling Startup.s...
compiling main.cpp...
compiling led.cpp...
compiling stepper.cpp...
linking...
Program Size: Code=964 RO-data=36 RW-data=4 ZI-data=1260  
".\zad6.axf" - 0 Errors, 0 Warning(s).
Rebuild target 'Target 1'
assembling Startup.s...
compiling main.cpp...
compiling led.cpp...
compiling stepper.cpp...
linking...
Program Size: Code=964 RO-data=36 RW-data=4 ZI-data=1260  
".\zad6.axf" - 0 Errors, 0 Warning(s).
Rebuild target 'Target 1'
assembling Startup.s...
compiling main.cpp...
compiling led.cpp...
compiling stepper.cpp...
linking...
Program Size: Code=964 RO-data=36 RW-data=4 ZI-data=1260  
".\zad6.axf" - 0 Errors, 0 Warning(s).
Rebuild target 'Target 1'
assembling Startup.s...
compiling main.cpp...
compiling led.cpp...
compiling stepper.cpp...
linking...
Program Size: Code=1000 RO-data=36 RW-data=4 ZI-data=1260  
".\zad6.axf" - 0 Errors, 0 Warning(s).
