<html>
<body>
<pre>
<h1>µVision Build Log</h1>
<h2>Project:</h2>
C:\Users\Jasiek\Documents\PPO\8\8c\zad8c.uvproj
Project File Date:  03/30/2026

<h2>Output:</h2>
Rebuild target 'Target 1'
assembling Startup.s...
compiling stepper.cpp...
compiling main.cpp...
compiling led.cpp...
compiling keyboard.cpp...
linking...
Program Size: Code=1328 RO-data=36 RW-data=4 ZI-data=1260  
".\zad8c.axf" - 0 Errors, 0 Warning(s).
Rebuild target 'Target 1'
assembling Startup.s...
compiling stepper.cpp...
compiling main.cpp...
compiling led.cpp...
compiling keyboard.cpp...
compiling ledinv.cpp...
linking...
Program Size: Code=1328 RO-data=36 RW-data=4 ZI-data=1260  
".\zad8c.axf" - 0 Errors, 0 Warning(s).
Rebuild target 'Target 1'
assembling Startup.s...
compiling stepper.cpp...
stepper.h(14): error:  #20: identifier "LedInv" is undefined
compiling main.cpp...
stepper.h(14): error:  #20: identifier "LedInv" is undefined
compiling led.cpp...
stepper.h(14): error:  #20: identifier "LedInv" is undefined
compiling keyboard.cpp...
compiling ledinv.cpp...
".\zad8c.axf" - 3 Errors, 0 Warning(s).
Target not created
Rebuild target 'Target 1'
assembling Startup.s...
compiling stepper.cpp...
compiling main.cpp...
compiling led.cpp...
compiling keyboard.cpp...
compiling ledinv.cpp...
linking...
Program Size: Code=1344 RO-data=36 RW-data=8 ZI-data=1256  
".\zad8c.axf" - 0 Errors, 0 Warning(s).
Rebuild target 'Target 1'
assembling Startup.s...
compiling stepper.cpp...
compiling main.cpp...
compiling led.cpp...
compiling keyboard.cpp...
compiling ledinv.cpp...
linking...
Program Size: Code=1376 RO-data=36 RW-data=8 ZI-data=1256  
".\zad8c.axf" - 0 Errors, 0 Warning(s).
