<html>
<body>
<pre>
<h1>µVision Build Log</h1>
<h2>Project:</h2>
C:\Users\Jasiek\Documents\PPO\PPO_kolos\8a\ppo.uvproj
Project File Date:  04/21/2026

<h2>Output:</h2>
Rebuild target 'Target 1'
assembling Startup.s...
compiling led.cpp...
compiling main.cpp...
compiling stepper.cpp...
compiling keyboard.c...
Keyboard.h(6): error:  #20: identifier "class" is undefined
Keyboard.h(6): error:  #65: expected a ";"
Keyboard.h(11): warning:  #12-D: parsing restarts here after previous syntax error
".\ppo.axf" - 2 Errors, 1 Warning(s).
Target not created
Rebuild target 'Target 1'
assembling Startup.s...
compiling led.cpp...
compiling main.cpp...
compiling stepper.cpp...
compiling keyboard.cpp...
linking...
Program Size: Code=1012 RO-data=36 RW-data=4 ZI-data=1260  
".\ppo.axf" - 0 Errors, 0 Warning(s).
Rebuild target 'Target 1'
assembling Startup.s...
compiling led.cpp...
compiling main.cpp...
main.cpp(28): warning:  #111-D: statement is unreachable
compiling stepper.cpp...
compiling keyboard.cpp...
linking...
Program Size: Code=1168 RO-data=36 RW-data=4 ZI-data=1260  
".\ppo.axf" - 0 Errors, 1 Warning(s).
Rebuild target 'Target 1'
assembling Startup.s...
compiling led.cpp...
compiling main.cpp...
compiling stepper.cpp...
compiling keyboard.cpp...
linking...
Program Size: Code=1176 RO-data=36 RW-data=4 ZI-data=1260  
".\ppo.axf" - 0 Errors, 0 Warning(s).
