<html>
<body>
<pre>
<h1>µVision Build Log</h1>
<h2>Project:</h2>
C:\Users\Jasiek\Documents\PPO\PPO\SERVO\servo_ref\servo.uvproj
Project File Date:  06/01/2026

<h2>Output:</h2>
Build target 'Target 1'
assembling Startup.s...
compiling keyboard.c...
compiling led.c...
compiling main.c...
compiling servo.c...
compiling strings.c...
compiling timer_interrupts.c...
compiling uart.c...
compiling watch.c...
compiling decoder.c...
linking...
Program Size: Code=4808 RO-data=32 RW-data=68 ZI-data=1372  
FromELF: creating hex file...
".\servo.axf" - 0 Errors, 0 Warning(s).
