ARM Linker, 5.03 [Build 76] [MDK-ARM Lite]

==============================================================================

Section Cross References

    startup.o(STACK) refers (Special) to heapauxi.o(.text) for __use_two_region_memory
    startup.o(HEAP) refers (Special) to heapauxi.o(.text) for __use_two_region_memory
    startup.o(RESET) refers (Special) to heapauxi.o(.text) for __use_two_region_memory
    startup.o(RESET) refers to startup.o(STACK) for Stack_Top
    startup.o(RESET) refers to __main.o(!!!main) for __main
    startup.o(.text) refers (Special) to heapauxi.o(.text) for __use_two_region_memory
    startup.o(.text) refers to startup.o(HEAP) for Heap_Mem
    startup.o(.text) refers to startup.o(STACK) for Stack_Mem
    decoder.o(.text) refers to array_new.o(i._Znaj) for operator new[] (unsigned)
    decoder.o(.text) refers to strcmp.o(.text) for strcmp
    decoder.o(.text) refers to strtoul.o(.text) for strtoul
    decoder.o(.text) refers to strtok.o(.text) for strtok
    decoder.o(.text) refers to strings.o(.text) for ReplaceCharacterInString(char*, char, char)
    decoder.o(.ARM.exidx) refers to decoder.o(.text) for .text
    keyboard.o(.ARM.exidx) refers to keyboard.o(.text) for .text
    led.o(.text) refers to led.o(.data) for uiStepCtr
    led.o(.ARM.exidx) refers to led.o(.text) for .text
    main.o(.text) refers to watch.o(.text) for Watch::Update()
    main.o(.text) refers to servo.o(.text) for Servo::Automate()
    main.o(.text) refers to decoder.o(.text) for Decoder::Decoder(unsigned char, unsigned char, Keyword*)
    main.o(.text) refers to keyboard.o(.text) for Keyboard_Init()
    main.o(.text) refers to uart.o(.text) for UART_Init()
    main.o(.text) refers to timer_interrupts.o(.text) for Timer0Interrupts_Init(unsigned, void(*)())
    main.o(.text) refers to strings.o(.text) for CopyString(char*, char*)
    main.o(.text) refers to main.o(.data) for MyWatch
    main.o(.text) refers to main.o(.bss) for MyServo
    main.o(.ARM.exidx) refers to main.o(.text) for .text
    servo.o(.text) refers to led.o(.text) for Led_Init()
    servo.o(.ARM.exidx) refers to servo.o(.text) for .text
    strings.o(.ARM.exidx) refers to strings.o(.text) for .text
    timer_interrupts.o(.text) refers to timer_interrupts.o(.data) for ptrTimer0InterruptFunction
    timer_interrupts.o(.ARM.exidx) refers to timer_interrupts.o(.text) for .text
    uart.o(.text) refers to strings.o(.text) for CopyString(char*, char*)
    uart.o(.text) refers to uart.o(.bss) for sRxBuffer
    uart.o(.ARM.exidx) refers to uart.o(.text) for .text
    watch.o(.text) refers to main.o(.data) for MyWatch
    watch.o(.ARM.exidx) refers to watch.o(.text) for .text
    strtoul.o(.text) refers to rt_errno_addr_intlibspace.o(.text) for __aeabi_errno_addr
    strtoul.o(.text) refers to rt_ctype_table.o(.text) for __rt_ctype_table
    strtoul.o(.text) refers to _strtoul.o(.text) for _strtoul
    strtok.o(.text) refers to strtok_int.o(.text) for __strtok_internal
    strtok.o(.text) refers to strtok.o(.data) for .data
    __main.o(!!!main) refers to rtentry.o(.ARM.Collect$$rtentry$$00000000) for __rt_entry
    array_new.o(i._Znaj) refers to new.o(i._Znwj) for operator new(unsigned)
    array_new.o(.ARM.exidx) refers to array_new.o(i._Znaj) for i._Znaj
    array_new.o(.ARM.exidx) refers to unwind_pr0.o(.text) for __aeabi_unwind_cpp_pr0
    array_new.o(.ARM.exidx) refers to array_new.o(.ARM.extab) for .extab._Znaj
    array_new.o(.ARM.extab) refers to arm_callunex_noexceptions.o(.text) for __cxa_call_unexpected
    array_new.o(.ARM.extab) refers to bad_alloc_dtor.o(.constdata__ZTISt9bad_alloc) for typeinfo for std::bad_alloc
    rtentry.o(.ARM.Collect$$rtentry$$00000000) refers (Special) to rtentry2.o(.ARM.Collect$$rtentry$$0000000A) for __rt_entry_li
    rtentry.o(.ARM.Collect$$rtentry$$00000000) refers (Special) to rtentry2.o(.ARM.Collect$$rtentry$$0000000D) for __rt_entry_main
    rtentry.o(.ARM.Collect$$rtentry$$00000000) refers (Special) to rtentry2.o(.ARM.Collect$$rtentry$$0000000C) for __rt_entry_postli_1
    rtentry.o(.ARM.Collect$$rtentry$$00000000) refers (Special) to rtentry2.o(.ARM.Collect$$rtentry$$00000009) for __rt_entry_postsh_1
    rtentry.o(.ARM.Collect$$rtentry$$00000000) refers (Special) to rtentry2.o(.ARM.Collect$$rtentry$$00000002) for __rt_entry_presh_1
    rtentry.o(.ARM.Collect$$rtentry$$00000000) refers (Special) to rtentry4.o(.ARM.Collect$$rtentry$$00000004) for __rt_entry_sh
    rt_ctype_table.o(.text) refers to rt_locale_intlibspace.o(.text) for __rt_locale
    rt_ctype_table.o(.text) refers to lc_ctype_c.o(locale$$code) for _get_lc_ctype
    rt_errno_addr.o(.text) refers to rt_errno_addr.o(.bss) for __aeabi_errno_addr_data
    rt_errno_addr_intlibspace.o(.text) refers to libspace.o(.bss) for __libspace_start
    _strtoul.o(.text) refers to _chval.o(.text) for _chval
    _strtoul.o(.text) refers to rt_errno_addr_intlibspace.o(.text) for __aeabi_errno_addr
[...]
    arm_exceptions_terminate.o(.text) refers to abort.o(.text) for abort
    arm_exceptions_terminate.o(.ARM.exidx) refers to arm_exceptions_terminate.o(.text) for .text
    exception_what.o(.ARM.exidx) refers to exception_what.o(i._ZNKSt9exception4whatEv) for i._ZNKSt9exception4whatEv
    type_info_dtor.o(.ARM.exidx) refers to type_info_dtor.o(i._ZNSt9type_infoD1Ev) for i._ZNSt9type_infoD1Ev
    type_info_dtor.o(.ARM.exidx) refers to type_info_dtor.o(i._ZNSt9type_infoD0Ev) for i._ZNSt9type_infoD0Ev
    sys_command.o(.text) refers (Special) to use_no_semi.o(.text) for __I$use$semihosting
    sys_command.o(.text) refers (Special) to indicate_semi.o(.text) for __semihosting_library_function
    rtexit.o(.ARM.Collect$$rtexit$$00000000) refers (Special) to rtexit2.o(.ARM.Collect$$rtexit$$00000004) for __rt_exit_exit
    rtexit.o(.ARM.Collect$$rtexit$$00000000) refers (Special) to rtexit2.o(.ARM.Collect$$rtexit$$00000003) for __rt_exit_ls
    rtexit.o(.ARM.Collect$$rtexit$$00000000) refers (Special) to rtexit2.o(.ARM.Collect$$rtexit$$00000002) for __rt_exit_prels_1
    rtexit.o(.ARM.exidx) refers (Special) to rtexit2.o(.ARM.Collect$$rtexit$$00000004) for __rt_exit_exit
    rtexit.o(.ARM.exidx) refers (Special) to rtexit2.o(.ARM.Collect$$rtexit$$00000003) for __rt_exit_ls
    rtexit.o(.ARM.exidx) refers (Special) to rtexit2.o(.ARM.Collect$$rtexit$$00000002) for __rt_exit_prels_1
    rtexit.o(.ARM.exidx) refers to rtexit.o(.ARM.Collect$$rtexit$$00000000) for .ARM.Collect$$rtexit$$00000000
    aeabi_idiv0_sigfpe.o(.text) refers to rt_div0.o(.text) for __rt_div0
    maybetermalloc2.o(.emb_text) refers (Special) to term_alloc.o(.text) for _terminate_alloc
    h1_extend.o(.text) refers to h1_free.o(.text) for free
    h1_extend_mt.o(.text) refers to h1_free_mt.o(.text) for _free_internal
    abort.o(.text) refers to defsig_abrt_outer.o(.text) for __rt_SIGABRT
    abort.o(.text) refers (Weak) to libshutdown.o(.ARM.Collect$$libshutdown$$00000000) for __rt_lib_shutdown
    abort.o(.text) refers to sys_exit.o(.text) for _sys_exit
    bsearchnoex.o(.text) refers to bsearchnoex.o(i.__ARM_common_call_via_r2) for __ARM_common_call_via_r2
    defsig_rtmem_outer.o(.text) refers to defsig_rtmem_inner.o(.text) for __rt_SIGRTMEM_inner
    defsig_rtmem_outer.o(.text) refers to defsig_exit.o(.text) for __sig_exit
    defsig_rtmem_formal.o(.text) refers to rt_raise.o(.text) for __rt_raise
    heapauxa.o(.text) refers to heapauxa.o(.data) for .data
    argv_veneer.o(.emb_text) refers to no_argv.o(.text) for __ARM_get_argv
    arm_exceptions_globs.o(.text) refers to abort.o(.text) for abort
    arm_exceptions_globs.o(.text) refers to rt_eh_globals_addr_intlibspace.o(.text) for __rt_eh_globals_addr
    arm_exceptions_globs.o(.text) refers to h1_alloc.o(.text) for malloc
    arm_exceptions_globs.o(.text) refers to arm_exceptions_mem.o(.text) for __ARM_exceptions_buffer_init
    arm_exceptions_globs.o(.ARM.exidx) refers to arm_exceptions_globs.o(.text) for .text
    sys_exit.o(.text) refers (Special) to use_no_semi.o(.text) for __I$use$semihosting
    sys_exit.o(.text) refers (Special) to indicate_semi.o(.text) for __semihosting_library_function
    rtexit2.o(.ARM.Collect$$rtexit$$00000003) refers to libshutdown.o(.ARM.Collect$$libshutdown$$00000000) for __rt_lib_shutdown
    rtexit2.o(.ARM.Collect$$rtexit$$00000004) refers to sys_exit.o(.text) for _sys_exit
    rtexit2.o(.ARM.exidx) refers to rtexit2.o(.ARM.Collect$$rtexit$$00000001) for .ARM.Collect$$rtexit$$00000001
    rtexit2.o(.ARM.exidx) refers to rtexit2.o(.ARM.Collect$$rtexit$$00000003) for .ARM.Collect$$rtexit$$00000003
    rtexit2.o(.ARM.exidx) refers to rtexit2.o(.ARM.Collect$$rtexit$$00000004) for .ARM.Collect$$rtexit$$00000004
    rt_div0.o(.text) refers to defsig_fpe_outer.o(.text) for __rt_SIGFPE
    rt_raise.o(.text) refers to __raise.o(.text) for __raise
    rt_raise.o(.text) refers to sys_exit.o(.text) for _sys_exit
    rt_eh_globals_addr.o(.text) refers to rt_eh_globals_addr.o(.bss) for __rt_eh_globals_addr_data
    rt_eh_globals_addr_intlibspace.o(.text) refers to libspace.o(.bss) for __libspace_start
    term_alloc.o(.text) refers (Special) to libshutdown2.o(.ARM.Collect$$libshutdown$$0000000D) for __rt_lib_shutdown_heap_2
    term_alloc.o(.text) refers to rt_heap_descriptor_intlibspace.o(.text) for __rt_heap_descriptor
    defsig_exit.o(.text) refers to sys_exit.o(.text) for _sys_exit
    defsig_abrt_outer.o(.text) refers to defsig_abrt_inner.o(.text) for __rt_SIGABRT_inner
    defsig_abrt_outer.o(.text) refers to defsig_exit.o(.text) for __sig_exit
    defsig_abrt_formal.o(.text) refers to rt_raise.o(.text) for __rt_raise
    defsig_rtmem_inner.o(.text) refers to defsig_general.o(.text) for __default_signal_display
    _get_argv_nomalloc.o(.text) refers (Special) to hrguard.o(.text) for __heap_region$guard
    _get_argv_nomalloc.o(.text) refers to defsig_rtmem_outer.o(.text) for __rt_SIGRTMEM
    _get_argv_nomalloc.o(.text) refers to sys_command.o(.text) for _sys_command_string
    arm_exceptions_mem.o(.text) refers to h1_alloc.o(.text) for malloc
    arm_exceptions_mem.o(.ARM.exidx) refers to arm_exceptions_mem.o(.text) for .text
    __raise.o(.text) refers to bsearchnoex.o(i.__ARM_common_call_via_r2) for __ARM_common_call_via_r2
    __raise.o(.text) refers to defsig.o(CL$$defsig) for __default_signal_handler
    defsig_general.o(.text) refers to sys_wrch.o(.text) for _ttywrch
    defsig_abrt_inner.o(.text) refers to defsig_general.o(.text) for __default_signal_display
    defsig_fpe_outer.o(.text) refers to defsig_fpe_inner.o(.text) for __rt_SIGFPE_inner
    defsig_fpe_outer.o(.text) refers to defsig_exit.o(.text) for __sig_exit
    defsig_fpe_formal.o(.text) refers to rt_raise.o(.text) for __rt_raise
    libshutdown.o(.ARM.Collect$$libshutdown$$00000000) refers (Special) to libshutdown2.o(.ARM.Collect$$libshutdown$$00000006) for __rt_lib_shutdown_fp_trap_1
    libshutdown.o(.ARM.Collect$$libshutdown$$00000000) refers (Special) to libshutdown2.o(.ARM.Collect$$libshutdown$$0000000E) for __rt_lib_shutdown_heap_1
    libshutdown.o(.ARM.Collect$$libshutdown$$00000000) refers (Special) to libshutdown2.o(.ARM.Collect$$libshutdown$$0000000F) for __rt_lib_shutdown_return
    libshutdown.o(.ARM.Collect$$libshutdown$$00000000) refers (Special) to libshutdown2.o(.ARM.Collect$$libshutdown$$00000009) for __rt_lib_shutdown_signal_1
    libshutdown.o(.ARM.Collect$$libshutdown$$00000000) refers (Special) to libshutdown2.o(.ARM.Collect$$libshutdown$$00000003) for __rt_lib_shutdown_stdio_1
    libshutdown.o(.ARM.Collect$$libshutdown$$00000000) refers (Special) to libshutdown2.o(.ARM.Collect$$libshutdown$$0000000B) for __rt_lib_shutdown_user_alloc_1
    libshutdown2.o(.ARM.Collect$$libshutdown$$0000000C) refers (Weak) to term_alloc.o(.text) for _terminate_alloc
    sys_wrch.o(.text) refers (Special) to use_no_semi.o(.text) for __I$use$semihosting
    sys_wrch.o(.text) refers (Special) to indicate_semi.o(.text) for __semihosting_library_function
    defsig_fpe_inner.o(.text) refers to defsig_general.o(.text) for __default_signal_display
    defsig.o(CL$$defsig) refers to defsig_abrt_inner.o(.text) for __rt_SIGABRT_inner
    defsig.o(CL$$defsig) refers to defsig_fpe_inner.o(.text) for __rt_SIGFPE_inner
    defsig.o(CL$$defsig) refers to defsig_rtmem_inner.o(.text) for __rt_SIGRTMEM_inner
    defsig_rtred_inner.o(.text) refers to defsig_general.o(.text) for __default_signal_display
    defsig_stak_inner.o(.text) refers to defsig_general.o(.text) for __default_signal_display
    defsig_pvfn_inner.o(.text) refers to defsig_general.o(.text) for __default_signal_display
    defsig_cppl_inner.o(.text) refers to defsig_general.o(.text) for __default_signal_display
    defsig_segv_inner.o(.text) refers to defsig_general.o(.text) for __default_signal_display
    defsig_other.o(.text) refers to defsig_general.o(.text) for __default_signal_display
    new.o(.ARM.exidx) refers to new.o(i.__ARM_common_call_via_r0) for i.__ARM_common_call_via_r0
    bad_alloc_dtor.o(.constdata__ZTVSt9bad_alloc) refers to bad_alloc_dtor.o(.constdata__ZTISt9bad_alloc) for typeinfo for std::bad_alloc
    bad_alloc_dtor.o(.constdata__ZTVSt9bad_alloc) refers to bad_alloc_dtor.o(i._ZNSt9bad_allocD1Ev) for std::bad_alloc::~bad_alloc()
    bad_alloc_dtor.o(.constdata__ZTVSt9bad_alloc) refers to bad_alloc_dtor.o(i._ZNSt9bad_allocD0Ev) for std::bad_alloc::~bad_alloc__deallocating()
    bad_alloc_dtor.o(.constdata__ZTVSt9bad_alloc) refers to bad_alloc_what.o(i._ZNKSt9bad_alloc4whatEv) for std::bad_alloc::what() const
    bad_alloc_dtor.o(.constdata__ZTISt9bad_alloc) refers to lib_rtti_impl.o(.constdata__ZTVN10__cxxabiv120__si_class_type_infoE) for vtable for __cxxabiv1::__si_class_type_info
    bad_alloc_dtor.o(.constdata__ZTISt9bad_alloc) refers to bad_alloc_dtor.o(.constdata__ZTSSt9bad_alloc) for typeinfo name for std::bad_alloc
    bad_alloc_dtor.o(.constdata__ZTISt9bad_alloc) refers to exception_dtor.o(.constdata__ZTISt9exception) for typeinfo for std::exception
    exception_dtor.o(.constdata__ZTVSt9exception) refers to exception_dtor.o(.constdata__ZTISt9exception) for typeinfo for std::exception
    exception_dtor.o(.constdata__ZTVSt9exception) refers to exception_dtor.o(i._ZNSt9exceptionD1Ev) for std::exception::~exception()
    exception_dtor.o(.constdata__ZTVSt9exception) refers to exception_dtor.o(i._ZNSt9exceptionD0Ev) for std::exception::~exception__deallocating()
    exception_dtor.o(.constdata__ZTVSt9exception) refers to exception_what.o(i._ZNKSt9exception4whatEv) for std::exception::what() const
    exception_dtor.o(.constdata__ZTISt9exception) refers to lib_rtti_impl.o(.constdata__ZTVN10__cxxabiv117__class_type_infoE) for vtable for __cxxabiv1::__class_type_info
    exception_dtor.o(.constdata__ZTISt9exception) refers to exception_dtor.o(.constdata__ZTSSt9exception) for typeinfo name for std::exception
    lib_rtti_impl.o(.constdata__ZTVN10__cxxabiv123__fundamental_type_infoE) refers to lib_rtti_impl.o(.constdata__ZTIN10__cxxabiv123__fundamental_type_infoE) for typeinfo for __cxxabiv1::__fundamental_type_info
    lib_rtti_impl.o(.constdata__ZTVN10__cxxabiv123__fundamental_type_infoE) refers to lib_rtti_impl.o(i._ZN10__cxxabiv123__fundamental_type_infoD1Ev) for __cxxabiv1::__fundamental_type_info::~__fundamental_type_info()
    lib_rtti_impl.o(.constdata__ZTVN10__cxxabiv123__fundamental_type_infoE) refers to lib_rtti_impl.o(i._ZN10__cxxabiv123__fundamental_type_infoD0Ev) for __cxxabiv1::__fundamental_type_info::~__fundamental_type_info__deallocating()
    lib_rtti_impl.o(.constdata__ZTVN10__cxxabiv117__array_type_infoE) refers to lib_rtti_impl.o(.constdata__ZTIN10__cxxabiv117__array_type_infoE) for typeinfo for __cxxabiv1::__array_type_info
    lib_rtti_impl.o(.constdata__ZTVN10__cxxabiv117__array_type_infoE) refers to lib_rtti_impl.o(i._ZN10__cxxabiv117__array_type_infoD1Ev) for __cxxabiv1::__array_type_info::~__array_type_info()
    lib_rtti_impl.o(.constdata__ZTVN10__cxxabiv117__array_type_infoE) refers to lib_rtti_impl.o(i._ZN10__cxxabiv117__array_type_infoD0Ev) for __cxxabiv1::__array_type_info::~__array_type_info__deallocating()
    lib_rtti_impl.o(.constdata__ZTVN10__cxxabiv120__function_type_infoE) refers to lib_rtti_impl.o(.constdata__ZTIN10__cxxabiv120__function_type_infoE) for typeinfo for __cxxabiv1::__function_type_info
    lib_rtti_impl.o(.constdata__ZTVN10__cxxabiv120__function_type_infoE) refers to lib_rtti_impl.o(i._ZN10__cxxabiv120__function_type_infoD1Ev) for __cxxabiv1::__function_type_info::~__function_type_info()
    lib_rtti_impl.o(.constdata__ZTVN10__cxxabiv120__function_type_infoE) refers to lib_rtti_impl.o(i._ZN10__cxxabiv120__function_type_infoD0Ev) for __cxxabiv1::__function_type_info::~__function_type_info__deallocating()
    lib_rtti_impl.o(.constdata__ZTVN10__cxxabiv116__enum_type_infoE) refers to lib_rtti_impl.o(.constdata__ZTIN10__cxxabiv116__enum_type_infoE) for typeinfo for __cxxabiv1::__enum_type_info
    lib_rtti_impl.o(.constdata__ZTVN10__cxxabiv116__enum_type_infoE) refers to lib_rtti_impl.o(i._ZN10__cxxabiv116__enum_type_infoD1Ev) for __cxxabiv1::__enum_type_info::~__enum_type_info()
    lib_rtti_impl.o(.constdata__ZTVN10__cxxabiv116__enum_type_infoE) refers to lib_rtti_impl.o(i._ZN10__cxxabiv116__enum_type_infoD0Ev) for __cxxabiv1::__enum_type_info::~__enum_type_info__deallocating()
    lib_rtti_impl.o(.constdata__ZTVN10__cxxabiv117__class_type_infoE) refers to lib_rtti_impl.o(.constdata__ZTIN10__cxxabiv117__class_type_infoE) for typeinfo for __cxxabiv1::__class_type_info
    lib_rtti_impl.o(.constdata__ZTVN10__cxxabiv117__class_type_infoE) refers to lib_rtti_impl.o(i._ZN10__cxxabiv117__class_type_infoD1Ev) for __cxxabiv1::__class_type_info::~__class_type_info()
    lib_rtti_impl.o(.constdata__ZTVN10__cxxabiv117__class_type_infoE) refers to lib_rtti_impl.o(i._ZN10__cxxabiv117__class_type_infoD0Ev) for __cxxabiv1::__class_type_info::~__class_type_info__deallocating()
    lib_rtti_impl.o(.constdata__ZTVN10__cxxabiv120__si_class_type_infoE) refers to lib_rtti_impl.o(.constdata__ZTIN10__cxxabiv120__si_class_type_infoE) for typeinfo for __cxxabiv1::__si_class_type_info
    lib_rtti_impl.o(.constdata__ZTVN10__cxxabiv120__si_class_type_infoE) refers to lib_rtti_impl.o(i._ZN10__cxxabiv120__si_class_type_infoD1Ev) for __cxxabiv1::__si_class_type_info::~__si_class_type_info()
    lib_rtti_impl.o(.constdata__ZTVN10__cxxabiv120__si_class_type_infoE) refers to lib_rtti_impl.o(i._ZN10__cxxabiv120__si_class_type_infoD0Ev) for __cxxabiv1::__si_class_type_info::~__si_class_type_info__deallocating()
    lib_rtti_impl.o(.constdata__ZTVN10__cxxabiv121__vmi_class_type_infoE) refers to lib_rtti_impl.o(.constdata__ZTIN10__cxxabiv121__vmi_class_type_infoE) for typeinfo for __cxxabiv1::__vmi_class_type_info
    lib_rtti_impl.o(.constdata__ZTVN10__cxxabiv121__vmi_class_type_infoE) refers to lib_rtti_impl.o(i._ZN10__cxxabiv121__vmi_class_type_infoD1Ev) for __cxxabiv1::__vmi_class_type_info::~__vmi_class_type_info()
    lib_rtti_impl.o(.constdata__ZTVN10__cxxabiv121__vmi_class_type_infoE) refers to lib_rtti_impl.o(i._ZN10__cxxabiv121__vmi_class_type_infoD0Ev) for __cxxabiv1::__vmi_class_type_info::~__vmi_class_type_info__deallocating()
    lib_rtti_impl.o(.constdata__ZTVN10__cxxabiv117__pbase_type_infoE) refers to lib_rtti_impl.o(.constdata__ZTIN10__cxxabiv117__pbase_type_infoE) for typeinfo for __cxxabiv1::__pbase_type_info
    lib_rtti_impl.o(.constdata__ZTVN10__cxxabiv117__pbase_type_infoE) refers to lib_rtti_impl.o(i._ZN10__cxxabiv117__pbase_type_infoD1Ev) for __cxxabiv1::__pbase_type_info::~__pbase_type_info()
    lib_rtti_impl.o(.constdata__ZTVN10__cxxabiv117__pbase_type_infoE) refers to lib_rtti_impl.o(i._ZN10__cxxabiv117__pbase_type_infoD0Ev) for __cxxabiv1::__pbase_type_info::~__pbase_type_info__deallocating()
    lib_rtti_impl.o(.constdata__ZTVN10__cxxabiv119__pointer_type_infoE) refers to lib_rtti_impl.o(.constdata__ZTIN10__cxxabiv119__pointer_type_infoE) for typeinfo for __cxxabiv1::__pointer_type_info
    lib_rtti_impl.o(.constdata__ZTVN10__cxxabiv119__pointer_type_infoE) refers to lib_rtti_impl.o(i._ZN10__cxxabiv119__pointer_type_infoD1Ev) for __cxxabiv1::__pointer_type_info::~__pointer_type_info()
    lib_rtti_impl.o(.constdata__ZTVN10__cxxabiv119__pointer_type_infoE) refers to lib_rtti_impl.o(i._ZN10__cxxabiv119__pointer_type_infoD0Ev) for __cxxabiv1::__pointer_type_info::~__pointer_type_info__deallocating()
    lib_rtti_impl.o(.constdata__ZTVN10__cxxabiv129__pointer_to_member_type_infoE) refers to lib_rtti_impl.o(.constdata__ZTIN10__cxxabiv129__pointer_to_member_type_infoE) for typeinfo for __cxxabiv1::__pointer_to_member_type_info
    lib_rtti_impl.o(.constdata__ZTVN10__cxxabiv129__pointer_to_member_type_infoE) refers to lib_rtti_impl.o(i._ZN10__cxxabiv129__pointer_to_member_type_infoD1Ev) for __cxxabiv1::__pointer_to_member_type_info::~__pointer_to_member_type_info()
    lib_rtti_impl.o(.constdata__ZTVN10__cxxabiv129__pointer_to_member_type_infoE) refers to lib_rtti_impl.o(i._ZN10__cxxabiv129__pointer_to_member_type_infoD0Ev) for __cxxabiv1::__pointer_to_member_type_info::~__pointer_to_member_type_info__deallocating()
    lib_rtti_impl.o(.constdata__ZTIN10__cxxabiv123__fundamental_type_infoE) refers to lib_rtti_impl.o(.constdata__ZTVN10__cxxabiv120__si_class_type_infoE) for vtable for __cxxabiv1::__si_class_type_info
    lib_rtti_impl.o(.constdata__ZTIN10__cxxabiv123__fundamental_type_infoE) refers to lib_rtti_impl.o(.constdata__ZTSN10__cxxabiv123__fundamental_type_infoE) for typeinfo name for __cxxabiv1::__fundamental_type_info
    lib_rtti_impl.o(.constdata__ZTIN10__cxxabiv123__fundamental_type_infoE) refers to type_info_dtor.o(.constdata__ZTISt9type_info) for typeinfo for std::type_info
    lib_rtti_impl.o(.constdata__ZTIN10__cxxabiv117__array_type_infoE) refers to lib_rtti_impl.o(.constdata__ZTVN10__cxxabiv120__si_class_type_infoE) for vtable for __cxxabiv1::__si_class_type_info
    lib_rtti_impl.o(.constdata__ZTIN10__cxxabiv117__array_type_infoE) refers to lib_rtti_impl.o(.constdata__ZTSN10__cxxabiv117__array_type_infoE) for typeinfo name for __cxxabiv1::__array_type_info
    lib_rtti_impl.o(.constdata__ZTIN10__cxxabiv117__array_type_infoE) refers to type_info_dtor.o(.constdata__ZTISt9type_info) for typeinfo for std::type_info
    lib_rtti_impl.o(.constdata__ZTIN10__cxxabiv120__function_type_infoE) refers to lib_rtti_impl.o(.constdata__ZTVN10__cxxabiv120__si_class_type_infoE) for vtable for __cxxabiv1::__si_class_type_info
    lib_rtti_impl.o(.constdata__ZTIN10__cxxabiv120__function_type_infoE) refers to lib_rtti_impl.o(.constdata__ZTSN10__cxxabiv120__function_type_infoE) for typeinfo name for __cxxabiv1::__function_type_info
    lib_rtti_impl.o(.constdata__ZTIN10__cxxabiv120__function_type_infoE) refers to type_info_dtor.o(.constdata__ZTISt9type_info) for typeinfo for std::type_info
    lib_rtti_impl.o(.constdata__ZTIN10__cxxabiv116__enum_type_infoE) refers to lib_rtti_impl.o(.constdata__ZTVN10__cxxabiv120__si_class_type_infoE) for vtable for __cxxabiv1::__si_class_type_info
    lib_rtti_impl.o(.constdata__ZTIN10__cxxabiv116__enum_type_infoE) refers to lib_rtti_impl.o(.constdata__ZTSN10__cxxabiv116__enum_type_infoE) for typeinfo name for __cxxabiv1::__enum_type_info
    lib_rtti_impl.o(.constdata__ZTIN10__cxxabiv116__enum_type_infoE) refers to type_info_dtor.o(.constdata__ZTISt9type_info) for typeinfo for std::type_info
    lib_rtti_impl.o(.constdata__ZTIN10__cxxabiv117__class_type_infoE) refers to lib_rtti_impl.o(.constdata__ZTVN10__cxxabiv120__si_class_type_infoE) for vtable for __cxxabiv1::__si_class_type_info
    lib_rtti_impl.o(.constdata__ZTIN10__cxxabiv117__class_type_infoE) refers to lib_rtti_impl.o(.constdata__ZTSN10__cxxabiv117__class_type_infoE) for typeinfo name for __cxxabiv1::__class_type_info
    lib_rtti_impl.o(.constdata__ZTIN10__cxxabiv117__class_type_infoE) refers to type_info_dtor.o(.constdata__ZTISt9type_info) for typeinfo for std::type_info
    lib_rtti_impl.o(.constdata__ZTIN10__cxxabiv120__si_class_type_infoE) refers to lib_rtti_impl.o(.constdata__ZTVN10__cxxabiv120__si_class_type_infoE) for vtable for __cxxabiv1::__si_class_type_info
    lib_rtti_impl.o(.constdata__ZTIN10__cxxabiv120__si_class_type_infoE) refers to lib_rtti_impl.o(.constdata__ZTSN10__cxxabiv120__si_class_type_infoE) for typeinfo name for __cxxabiv1::__si_class_type_info
    lib_rtti_impl.o(.constdata__ZTIN10__cxxabiv120__si_class_type_infoE) refers to lib_rtti_impl.o(.constdata__ZTIN10__cxxabiv117__class_type_infoE) for typeinfo for __cxxabiv1::__class_type_info
    lib_rtti_impl.o(.constdata__ZTIN10__cxxabiv121__vmi_class_type_infoE) refers to lib_rtti_impl.o(.constdata__ZTVN10__cxxabiv120__si_class_type_infoE) for vtable for __cxxabiv1::__si_class_type_info
    lib_rtti_impl.o(.constdata__ZTIN10__cxxabiv121__vmi_class_type_infoE) refers to lib_rtti_impl.o(.constdata__ZTSN10__cxxabiv121__vmi_class_type_infoE) for typeinfo name for __cxxabiv1::__vmi_class_type_info
    lib_rtti_impl.o(.constdata__ZTIN10__cxxabiv121__vmi_class_type_infoE) refers to lib_rtti_impl.o(.constdata__ZTIN10__cxxabiv117__class_type_infoE) for typeinfo for __cxxabiv1::__class_type_info
    lib_rtti_impl.o(.constdata__ZTIN10__cxxabiv117__pbase_type_infoE) refers to lib_rtti_impl.o(.constdata__ZTVN10__cxxabiv120__si_class_type_infoE) for vtable for __cxxabiv1::__si_class_type_info
    lib_rtti_impl.o(.constdata__ZTIN10__cxxabiv117__pbase_type_infoE) refers to lib_rtti_impl.o(.constdata__ZTSN10__cxxabiv117__pbase_type_infoE) for typeinfo name for __cxxabiv1::__pbase_type_info
    lib_rtti_impl.o(.constdata__ZTIN10__cxxabiv117__pbase_type_infoE) refers to type_info_dtor.o(.constdata__ZTISt9type_info) for typeinfo for std::type_info
    lib_rtti_impl.o(.constdata__ZTIN10__cxxabiv119__pointer_type_infoE) refers to lib_rtti_impl.o(.constdata__ZTVN10__cxxabiv120__si_class_type_infoE) for vtable for __cxxabiv1::__si_class_type_info
    lib_rtti_impl.o(.constdata__ZTIN10__cxxabiv119__pointer_type_infoE) refers to lib_rtti_impl.o(.constdata__ZTSN10__cxxabiv119__pointer_type_infoE) for typeinfo name for __cxxabiv1::__pointer_type_info
    lib_rtti_impl.o(.constdata__ZTIN10__cxxabiv119__pointer_type_infoE) refers to lib_rtti_impl.o(.constdata__ZTIN10__cxxabiv117__pbase_type_infoE) for typeinfo for __cxxabiv1::__pbase_type_info
    lib_rtti_impl.o(.constdata__ZTIN10__cxxabiv129__pointer_to_member_type_infoE) refers to lib_rtti_impl.o(.constdata__ZTVN10__cxxabiv120__si_class_type_infoE) for vtable for __cxxabiv1::__si_class_type_info
    lib_rtti_impl.o(.constdata__ZTIN10__cxxabiv129__pointer_to_member_type_infoE) refers to lib_rtti_impl.o(.constdata__ZTSN10__cxxabiv129__pointer_to_member_type_infoE) for typeinfo name for __cxxabiv1::__pointer_to_member_type_info
    lib_rtti_impl.o(.constdata__ZTIN10__cxxabiv129__pointer_to_member_type_infoE) refers to lib_rtti_impl.o(.constdata__ZTIN10__cxxabiv117__pbase_type_infoE) for typeinfo for __cxxabiv1::__pbase_type_info
    arm_exceptions_terminate.o(.ARM.exidx) refers to arm_exceptions_terminate.o(i.__ARM_common_call_via_r1) for i.__ARM_common_call_via_r1
    type_info_dtor.o(.constdata__ZTVSt9type_info) refers to type_info_dtor.o(.constdata__ZTISt9type_info) for typeinfo for std::type_info
    type_info_dtor.o(.constdata__ZTVSt9type_info) refers to type_info_dtor.o(i._ZNSt9type_infoD1Ev) for std::type_info::~type_info()
    type_info_dtor.o(.constdata__ZTVSt9type_info) refers to type_info_dtor.o(i._ZNSt9type_infoD0Ev) for std::type_info::~type_info__deallocating()
    type_info_dtor.o(.constdata__ZTISt9type_info) refers to lib_rtti_impl.o(.constdata__ZTVN10__cxxabiv117__class_type_infoE) for vtable for __cxxabiv1::__class_type_info
    type_info_dtor.o(.constdata__ZTISt9type_info) refers to type_info_dtor.o(.constdata__ZTSSt9type_info) for typeinfo name for std::type_info


==============================================================================

Removing Unused input sections from the image.

    Removing decoder.o(.ARM.exidx), (8 bytes).
    Removing keyboard.o(.ARM.exidx), (8 bytes).
    Removing led.o(.ARM.exidx), (8 bytes).
    Removing main.o(.ARM.exidx), (8 bytes).
    Removing servo.o(.ARM.exidx), (8 bytes).
    Removing strings.o(.ARM.exidx), (8 bytes).
    Removing timer_interrupts.o(.ARM.exidx), (8 bytes).
    Removing uart.o(.ARM.exidx), (8 bytes).
    Removing watch.o(.ARM.exidx), (8 bytes).

9 unused section(s) (total 72 bytes) removed from the image.

==============================================================================

Adding Veneers to the image

    Adding AT veneer (8 bytes, Inline) for call to '__rt_lib_init' from rtentry2.o(.ARM.Collect$$rtentry$$0000000A).
    Adding AT veneer (8 bytes, Inline) for call to '__rt_lib_shutdown' from rtexit2.o(.ARM.Collect$$rtexit$$00000003).
    Adding TA veneer (4 bytes, Inline) for call to '__rt_exit' from exit.o(.text).
    Adding AT veneer (8 bytes, Inline) for call to 'strtoul' from decoder.o(.text).
    Adding AT veneer (8 bytes, Inline) for call to 'strtok' from decoder.o(.text).
    Adding TA veneer (4 bytes, Inline) for call to '__rt_ctype_table' from strtoul.o(.text).
    Adding TA veneer (4 bytes, Inline) for call to '__aeabi_errno_addr' from strtoul.o(.text).
    Adding TA veneer (4 bytes, Inline) for call to '__rt_locale' from libinit2.o(.ARM.Collect$$libinit$$0000000D).
    Adding TA veneer (4 bytes, Inline) for call to '__rt_new_handler_addr' from new.o(i._Znwj).
    Adding TA veneer (4 bytes, Inline) for call to '__rt_heap_descriptor' from h1_alloc.o(.text).
    Adding AT veneer (8 bytes, Inline) for call to '_sys_exit' from rtexit2.o(.ARM.Collect$$rtexit$$00000004).
    Adding TA veneer (4 bytes, Inline) for call to '__rt_eh_globals_addr' from arm_exceptions_globs.o(.text).
    Adding AT veneer (8 bytes, Inline) for call to 'operator new[] (unsigned)' from decoder.o(.text).
    Adding TA veneer (4 bytes, Inline) for call to '_get_lc_ctype' from libinit2.o(.ARM.Collect$$libinit$$00000010).

14 Veneer(s) (total 80 bytes) added to the image.

==============================================================================

Image Symbol Table

    Local Symbols

    Symbol Name                              Value     Ov Type        Size  Object(Section)

    RESET                                    0x00000000   Section      272  startup.o(RESET)
    ../../../edgfe/lib_src/arm_exceptions.c  0x00000000   Number         0  arm_exceptions_mem.o ABSOLUTE
    ../../../edgfe/lib_src/arm_exceptions.c  0x00000000   Number         0  arm_exceptions_globs.o ABSOLUTE
    ../../../edgfe/lib_src/arm_exceptions.c  0x00000000   Number         0  arm_exceptions_terminate.o ABSOLUTE
    ../../../edgfe/lib_src/arm_noexceptions.c 0x00000000   Number         0  arm_newhandler_noexceptions.o ABSOLUTE
    ../../../edgfe/lib_src/arm_noexceptions.c 0x00000000   Number         0  arm_callunex_noexceptions.o ABSOLUTE
    ../../../edgfe/lib_src/array_new.c       0x00000000   Number         0  array_new.o ABSOLUTE
    ../../../edgfe/lib_src/bad_alloc.c       0x00000000   Number         0  bad_alloc_what.o ABSOLUTE
    ../../../edgfe/lib_src/bad_alloc.c       0x00000000   Number         0  bad_alloc_dtor.o ABSOLUTE
    ../../../edgfe/lib_src/delete.c          0x00000000   Number         0  delete.o ABSOLUTE
    ../../../edgfe/lib_src/exception.c       0x00000000   Number         0  exception_what.o ABSOLUTE
    ../../../edgfe/lib_src/exception.c       0x00000000   Number         0  exception_dtor.o ABSOLUTE
    ../../../edgfe/lib_src/new.c             0x00000000   Number         0  new.o ABSOLUTE
    ../../../edgfe/lib_src/typeinfo.c        0x00000000   Number         0  lib_rtti_impl.o ABSOLUTE
    ../../../edgfe/lib_src/typeinfo.c        0x00000000   Number         0  type_info_dtor.o ABSOLUTE
    ../clib/angel/boardlib.s                 0x00000000   Number         0  boardinit1.o ABSOLUTE
    ../clib/angel/boardlib.s                 0x00000000   Number         0  boardinit2.o ABSOLUTE
    ../clib/angel/boardlib.s                 0x00000000   Number         0  boardshut.o ABSOLUTE
    ../clib/angel/boardlib.s                 0x00000000   Number         0  boardinit3.o ABSOLUTE
    ../clib/angel/handlers.s                 0x00000000   Number         0  __scatter_zi.o ABSOLUTE
    ../clib/angel/handlers.s                 0x00000000   Number         0  __scatter_copy.o ABSOLUTE
    ../clib/angel/kernel.s                   0x00000000   Number         0  rtentry2.o ABSOLUTE
    ../clib/angel/kernel.s                   0x00000000   Number         0  rtexit2.o ABSOLUTE
    ../clib/angel/kernel.s                   0x00000000   Number         0  rtentry.o ABSOLUTE
    ../clib/angel/kernel.s                   0x00000000   Number         0  rtexit.o ABSOLUTE
    ../clib/angel/kernel.s                   0x00000000   Number         0  rtentry4.o ABSOLUTE
    ../clib/angel/rt.s                       0x00000000   Number         0  rt_raise.o ABSOLUTE
    ../clib/angel/rt.s                       0x00000000   Number         0  aeabi_idiv0_sigfpe.o ABSOLUTE
    ../clib/angel/rt.s                       0x00000000   Number         0  aeabi_idiv0.o ABSOLUTE
    ../clib/angel/rt.s                       0x00000000   Number         0  rt_locale_intlibspace.o ABSOLUTE
    ../clib/angel/rt.s                       0x00000000   Number         0  rt_eh_globals_addr.o ABSOLUTE
    ../clib/angel/rt.s                       0x00000000   Number         0  rt_heap_descriptor_intlibspace.o ABSOLUTE
    ../clib/angel/rt.s                       0x00000000   Number         0  rt_heap_descriptor.o ABSOLUTE
    ../clib/angel/rt.s                       0x00000000   Number         0  rt_div0.o ABSOLUTE
    ../clib/angel/rt.s                       0x00000000   Number         0  rt_eh_globals_addr_intlibspace.o ABSOLUTE
    ../clib/angel/rt.s                       0x00000000   Number         0  rt_errno_addr_intlibspace.o ABSOLUTE
    ../clib/angel/rt.s                       0x00000000   Number         0  rt_errno_addr.o ABSOLUTE
    ../clib/angel/rt.s                       0x00000000   Number         0  rt_locale.o ABSOLUTE
    ../clib/angel/rt.s                       0x00000000   Number         0  rt_ctype_table.o ABSOLUTE
    ../clib/angel/rt.s                       0x00000000   Number         0  rt_new_handler_addr_intlibspace.o ABSOLUTE
    ../clib/angel/rt.s                       0x00000000   Number         0  rt_new_handler_addr.o ABSOLUTE
    ../clib/angel/scatter.s                  0x00000000   Number         0  __scatter.o ABSOLUTE
    ../clib/angel/startup.s                  0x00000000   Number         0  __main.o ABSOLUTE
    ../clib/angel/sys.s                      0x00000000   Number         0  mutex_dummy.o ABSOLUTE
    ../clib/angel/sys.s                      0x00000000   Number         0  libspace.o ABSOLUTE
    ../clib/angel/sys.s                      0x00000000   Number         0  sys_stackheap_outer.o ABSOLUTE
    ../clib/angel/sys.s                      0x00000000   Number         0  indicate_semi.o ABSOLUTE
    ../clib/angel/sys.s                      0x00000000   Number         0  use_no_semi.o ABSOLUTE
    ../clib/angel/sysapp.c                   0x00000000   Number         0  sys_command.o ABSOLUTE
    ../clib/angel/sysapp.c                   0x00000000   Number         0  sys_exit.o ABSOLUTE
    ../clib/angel/sysapp.c                   0x00000000   Number         0  sys_wrch.o ABSOLUTE
    ../clib/armsys.c                         0x00000000   Number         0  argv_veneer.o ABSOLUTE
    ../clib/armsys.c                         0x00000000   Number         0  _get_argv_nomalloc.o ABSOLUTE
    ../clib/armsys.c                         0x00000000   Number         0  no_argv.o ABSOLUTE
    ../clib/armsys.c                         0x00000000   Number         0  _get_argv.o ABSOLUTE
    ../clib/armsys.c                         0x00000000   Number         0  argv_veneer.o ABSOLUTE
    ../clib/division.s                       0x00000000   Number         0  aeabi_sdiv_div0.o ABSOLUTE
    ../clib/division.s                       0x00000000   Number         0  aeabi_sdiv.o ABSOLUTE
    ../clib/divrt.s                          0x00000000   Number         0  divrt_7tdmi.o ABSOLUTE
    ../clib/divrt.s                          0x00000000   Number         0  divrt_7tdmi_div0.o ABSOLUTE
    ../clib/heap1.c                          0x00000000   Number         0  h1_final_mt.o ABSOLUTE
    ../clib/heap1.c                          0x00000000   Number         0  h1_alloc_mt.o ABSOLUTE
    ../clib/heap1.c                          0x00000000   Number         0  h1_final.o ABSOLUTE
    ../clib/heap1.c                          0x00000000   Number         0  h1_alloc.o ABSOLUTE
    ../clib/heap1.c                          0x00000000   Number         0  h1_init_mt.o ABSOLUTE
    ../clib/heap1.c                          0x00000000   Number         0  h1_init.o ABSOLUTE
    ../clib/heap1.c                          0x00000000   Number         0  h1_free.o ABSOLUTE
    ../clib/heap1.c                          0x00000000   Number         0  h1_extend_mt.o ABSOLUTE
    ../clib/heap1.c                          0x00000000   Number         0  h1_free_mt.o ABSOLUTE
    ../clib/heap1.c                          0x00000000   Number         0  h1_extend.o ABSOLUTE
    ../clib/heap2.c                          0x00000000   Number         0  heap2.o ABSOLUTE
    ../clib/heap2.c                          0x00000000   Number         0  heap2mt.o ABSOLUTE
    ../clib/heap2.c                          0x00000000   Number         0  fdtree.o ABSOLUTE
    ../clib/heapalloc.c                      0x00000000   Number         0  maybetermalloc1.o ABSOLUTE
    ../clib/heapalloc.c                      0x00000000   Number         0  hrguard.o ABSOLUTE
    ../clib/heapalloc.c                      0x00000000   Number         0  malloc.o ABSOLUTE
    ../clib/heapalloc.c                      0x00000000   Number         0  hguard.o ABSOLUTE
    ../clib/heapalloc.c                      0x00000000   Number         0  free.o ABSOLUTE
    ../clib/heapalloc.c                      0x00000000   Number         0  heapstubs.o ABSOLUTE
    ../clib/heapalloc.c                      0x00000000   Number         0  term_alloc.o ABSOLUTE
    ../clib/heapalloc.c                      0x00000000   Number         0  init_alloc.o ABSOLUTE
    ../clib/heapalloc.c                      0x00000000   Number         0  maybetermalloc2.o ABSOLUTE
    ../clib/heapalloc.c                      0x00000000   Number         0  maybetermalloc2.o ABSOLUTE
    ../clib/heapalloc.c                      0x00000000   Number         0  maybetermalloc1.o ABSOLUTE
    ../clib/heapaux.c                        0x00000000   Number         0  heapauxi.o ABSOLUTE
    ../clib/heapaux.c                        0x00000000   Number         0  heapauxa.o ABSOLUTE
    ../clib/libinit.s                        0x00000000   Number         0  libshutdown.o ABSOLUTE
    ../clib/libinit.s                        0x00000000   Number         0  libinit.o ABSOLUTE
    ../clib/libinit.s                        0x00000000   Number         0  libinit2.o ABSOLUTE
    ../clib/libinit.s                        0x00000000   Number         0  libshutdown2.o ABSOLUTE
    ../clib/locale.s                         0x00000000   Number         0  lc_ctype_c.o ABSOLUTE
    ../clib/memcpset.s                       0x00000000   Number         0  strcmp.o ABSOLUTE
    ../clib/memcpset.s                       0x00000000   Number         0  rt_memcpy_w.o ABSOLUTE
    ../clib/scanf.c                          0x00000000   Number         0  strtoul.o ABSOLUTE
    ../clib/scanf.c                          0x00000000   Number         0  _strtoul.o ABSOLUTE
    ../clib/scanf.c                          0x00000000   Number         0  _chval.o ABSOLUTE
    ../clib/signal.c                         0x00000000   Number         0  defsig_rtred_inner.o ABSOLUTE
    ../clib/signal.c                         0x00000000   Number         0  defsig_segv_inner.o ABSOLUTE
    ../clib/signal.c                         0x00000000   Number         0  defsig_other.o ABSOLUTE
    ../clib/signal.c                         0x00000000   Number         0  defsig_exit.o ABSOLUTE
    ../clib/signal.c                         0x00000000   Number         0  defsig_abrt_outer.o ABSOLUTE
    ../clib/signal.c                         0x00000000   Number         0  defsig_fpe_inner.o ABSOLUTE
    ../clib/signal.c                         0x00000000   Number         0  defsig_general.o ABSOLUTE
    ../clib/signal.c                         0x00000000   Number         0  defsig_fpe_formal.o ABSOLUTE
    ../clib/signal.c                         0x00000000   Number         0  defsig_abrt_formal.o ABSOLUTE
    ../clib/signal.c                         0x00000000   Number         0  defsig_fpe_outer.o ABSOLUTE
    ../clib/signal.c                         0x00000000   Number         0  defsig_rtmem_inner.o ABSOLUTE
    ../clib/signal.c                         0x00000000   Number         0  defsig_abrt_inner.o ABSOLUTE
    ../clib/signal.c                         0x00000000   Number         0  __raise.o ABSOLUTE
    ../clib/signal.c                         0x00000000   Number         0  defsig_stak_inner.o ABSOLUTE
    ../clib/signal.c                         0x00000000   Number         0  defsig_pvfn_inner.o ABSOLUTE
    ../clib/signal.c                         0x00000000   Number         0  defsig_cppl_inner.o ABSOLUTE
    ../clib/signal.c                         0x00000000   Number         0  defsig_rtmem_outer.o ABSOLUTE
    ../clib/signal.c                         0x00000000   Number         0  defsig_rtmem_formal.o ABSOLUTE
    ../clib/signal.s                         0x00000000   Number         0  defsig.o ABSOLUTE
    ../clib/stdlib.c                         0x00000000   Number         0  abort.o ABSOLUTE
    ../clib/stdlib.c                         0x00000000   Number         0  bsearchnoex.o ABSOLUTE
    ../clib/stdlib.c                         0x00000000   Number         0  exit.o ABSOLUTE
    ../clib/string.c                         0x00000000   Number         0  strtok.o ABSOLUTE
    ../clib/string.c                         0x00000000   Number         0  strtok_int.o ABSOLUTE
    ../clib/string.c                         0x00000000   Number         0  strcspn.o ABSOLUTE
    ../clib/string.c                         0x00000000   Number         0  strspn.o ABSOLUTE
    ../clib/unwind_pr.c                      0x00000000   Number         0  unwind_pr0.o ABSOLUTE
    ../clib/unwind_pr.c                      0x00000000   Number         0  unwind_prcommon.o ABSOLUTE
    ../clib/unwinder.c                       0x00000000   Number         0  unwind_activity.o ABSOLUTE
    ../clib/unwinder.c                       0x00000000   Number         0  unwinder.o ABSOLUTE
    ../clib/unwinder.c                       0x00000000   Number         0  unwinder.o ABSOLUTE
    ../clib/unwinder.c                       0x00000000   Number         0  unwind_activity.o ABSOLUTE
    ../fplib/fpinit.s                        0x00000000   Number         0  fpinit.o ABSOLUTE
    Startup.s                                0x00000000   Number         0  startup.o ABSOLUTE
    dc.s                                     0x00000000   Number         0  dc.o ABSOLUTE
    decoder.cpp                              0x00000000   Number         0  decoder.o ABSOLUTE
    keyboard.cpp                             0x00000000   Number         0  keyboard.o ABSOLUTE
    led.cpp                                  0x00000000   Number         0  led.o ABSOLUTE
    main.cpp                                 0x00000000   Number         0  main.o ABSOLUTE
    servo.cpp                                0x00000000   Number         0  servo.o ABSOLUTE
    strings.cpp                              0x00000000   Number         0  strings.o ABSOLUTE
    timer_interrupts.cpp                     0x00000000   Number         0  timer_interrupts.o ABSOLUTE
    uart.cpp                                 0x00000000   Number         0  uart.o ABSOLUTE
    watch.cpp                                0x00000000   Number         0  watch.o ABSOLUTE
    Undef_Handler                            0x00000040   ARM Code       4  startup.o(RESET)
    SWI_Handler                              0x00000044   ARM Code       4  startup.o(RESET)
    PAbt_Handler                             0x00000048   ARM Code       4  startup.o(RESET)
    DAbt_Handler                             0x0000004c   ARM Code       4  startup.o(RESET)
    IRQ_Handler                              0x00000050   ARM Code       4  startup.o(RESET)
    FIQ_Handler                              0x00000054   ARM Code       4  startup.o(RESET)
    !!!main                                  0x00000110   Section        8  __main.o(!!!main)
    !!!scatter                               0x00000118   Section       60  __scatter.o(!!!scatter)
    !!handler_copy                           0x00000154   Section       40  __scatter_copy.o(!!handler_copy)
    !!handler_zi                             0x0000017c   Section       44  __scatter_zi.o(!!handler_zi)
    .ARM.Collect$$libinit$$00000000          0x000001b0   Section        2  libinit.o(.ARM.Collect$$libinit$$00000000)
    .ARM.Collect$$libinit$$00000002          0x000001b2   Section        0  libinit2.o(.ARM.Collect$$libinit$$00000002)
    .ARM.Collect$$libinit$$00000003          0x000001b2   Section        8  libinit2.o(.ARM.Collect$$libinit$$00000003)
    .ARM.Collect$$libinit$$00000008          0x000001ba   Section        0  libinit2.o(.ARM.Collect$$libinit$$00000008)
    .ARM.Collect$$libinit$$0000000A          0x000001ba   Section        0  libinit2.o(.ARM.Collect$$libinit$$0000000A)
    .ARM.Collect$$libinit$$0000000C          0x000001ba   Section        0  libinit2.o(.ARM.Collect$$libinit$$0000000C)
    .ARM.Collect$$libinit$$0000000D          0x000001ba   Section        6  libinit2.o(.ARM.Collect$$libinit$$0000000D)
    .ARM.Collect$$libinit$$0000000F          0x000001c0   Section        0  libinit2.o(.ARM.Collect$$libinit$$0000000F)
    .ARM.Collect$$libinit$$00000010          0x000001c0   Section       12  libinit2.o(.ARM.Collect$$libinit$$00000010)
    .ARM.Collect$$libinit$$00000011          0x000001cc   Section        0  libinit2.o(.ARM.Collect$$libinit$$00000011)
    .ARM.Collect$$libinit$$00000013          0x000001cc   Section        0  libinit2.o(.ARM.Collect$$libinit$$00000013)
    .ARM.Collect$$libinit$$00000015          0x000001cc   Section        0  libinit2.o(.ARM.Collect$$libinit$$00000015)
    .ARM.Collect$$libinit$$00000017          0x000001cc   Section        0  libinit2.o(.ARM.Collect$$libinit$$00000017)
    .ARM.Collect$$libinit$$00000019          0x000001cc   Section        0  libinit2.o(.ARM.Collect$$libinit$$00000019)
    .ARM.Collect$$libinit$$0000001B          0x000001cc   Section        0  libinit2.o(.ARM.Collect$$libinit$$0000001B)
    .ARM.Collect$$libinit$$0000001D          0x000001cc   Section        0  libinit2.o(.ARM.Collect$$libinit$$0000001D)
    .ARM.Collect$$libinit$$0000001F          0x000001cc   Section        0  libinit2.o(.ARM.Collect$$libinit$$0000001F)
    .ARM.Collect$$libinit$$00000021          0x000001cc   Section        0  libinit2.o(.ARM.Collect$$libinit$$00000021)
    .ARM.Collect$$libinit$$00000023          0x000001cc   Section        0  libinit2.o(.ARM.Collect$$libinit$$00000023)
    .ARM.Collect$$libinit$$0000002A          0x000001cc   Section        0  libinit2.o(.ARM.Collect$$libinit$$0000002A)
    .ARM.Collect$$libinit$$0000002C          0x000001cc   Section        0  libinit2.o(.ARM.Collect$$libinit$$0000002C)
    .ARM.Collect$$libinit$$0000002E          0x000001cc   Section        0  libinit2.o(.ARM.Collect$$libinit$$0000002E)
    .ARM.Collect$$libinit$$00000030          0x000001cc   Section        0  libinit2.o(.ARM.Collect$$libinit$$00000030)
    .ARM.Collect$$libinit$$00000031          0x000001cc   Section       12  libinit2.o(.ARM.Collect$$libinit$$00000031)
    .ARM.Collect$$libshutdown$$00000000      0x000001e0   Section        4  libshutdown.o(.ARM.Collect$$libshutdown$$00000000)
    .ARM.Collect$$libshutdown$$00000003      0x000001e4   Section        0  libshutdown2.o(.ARM.Collect$$libshutdown$$00000003)
    .ARM.Collect$$libshutdown$$00000006      0x000001e4   Section        0  libshutdown2.o(.ARM.Collect$$libshutdown$$00000006)
    .ARM.Collect$$libshutdown$$00000009      0x000001e4   Section        0  libshutdown2.o(.ARM.Collect$$libshutdown$$00000009)
    .ARM.Collect$$libshutdown$$0000000B      0x000001e4   Section        0  libshutdown2.o(.ARM.Collect$$libshutdown$$0000000B)
    .ARM.Collect$$libshutdown$$0000000E      0x000001e4   Section        0  libshutdown2.o(.ARM.Collect$$libshutdown$$0000000E)
    .ARM.Collect$$libshutdown$$0000000F      0x000001e4   Section        6  libshutdown2.o(.ARM.Collect$$libshutdown$$0000000F)
    .ARM.Collect$$rtentry$$00000000          0x000001ec   Section        0  rtentry.o(.ARM.Collect$$rtentry$$00000000)
    .ARM.Collect$$rtentry$$00000002          0x000001ec   Section        0  rtentry2.o(.ARM.Collect$$rtentry$$00000002)
    .ARM.Collect$$rtentry$$00000004          0x000001ec   Section        8  rtentry4.o(.ARM.Collect$$rtentry$$00000004)
    .ARM.Collect$$rtentry$$00000009          0x000001f4   Section        0  rtentry2.o(.ARM.Collect$$rtentry$$00000009)
    .ARM.Collect$$rtentry$$0000000A          0x000001f4   Section        4  rtentry2.o(.ARM.Collect$$rtentry$$0000000A)
    .ARM.Collect$$rtentry$$0000000C          0x000001f8   Section        0  rtentry2.o(.ARM.Collect$$rtentry$$0000000C)
    .ARM.Collect$$rtentry$$0000000D          0x000001f8   Section       40  rtentry2.o(.ARM.Collect$$rtentry$$0000000D)
    .ARM.Collect$$rtexit$$00000000           0x00000224   Section        4  rtexit.o(.ARM.Collect$$rtexit$$00000000)
    .ARM.Collect$$rtexit$$00000002           0x00000228   Section        0  rtexit2.o(.ARM.Collect$$rtexit$$00000002)
    .ARM.Collect$$rtexit$$00000003           0x00000228   Section        4  rtexit2.o(.ARM.Collect$$rtexit$$00000003)
    .ARM.Collect$$rtexit$$00000004           0x0000022c   Section        8  rtexit2.o(.ARM.Collect$$rtexit$$00000004)
    .emb_text                                0x00000234   Section        0  maybetermalloc1.o(.emb_text)
    .text                                    0x00000234   Section       36  startup.o(.text)
    .text                                    0x00000258   Section        0  decoder.o(.text)
    .text                                    0x00000430   Section        0  keyboard.o(.text)
    .text                                    0x000004b4   Section        0  led.o(.text)
    .text                                    0x000005ec   Section        0  main.o(.text)
    .text                                    0x000008dc   Section        0  servo.o(.text)
    .text                                    0x00000a54   Section        0  strings.o(.text)
    .text                                    0x00000cd4   Section        0  timer_interrupts.o(.text)
    .text                                    0x00000dfc   Section        0  uart.o(.text)
    .text                                    0x00001048   Section        0  watch.o(.text)
    .text                                    0x000010a4   Section        0  strtoul.o(.text)
    .text                                    0x00001128   Section        0  strtok.o(.text)
    .text                                    0x0000113c   Section      160  strcmp.o(.text)
    .text                                    0x000011dc   Section        0  heapauxi.o(.text)
    .text                                    0x000011e8   Section       24  rt_ctype_table.o(.text)
    .text                                    0x00001204   Section       12  rt_errno_addr_intlibspace.o(.text)
    .text                                    0x00001210   Section        0  _strtoul.o(.text)
    .text                                    0x000012bc   Section        0  strtok_int.o(.text)
    .text                                    0x00001308   Section       12  libspace.o(.text)
    .text                                    0x00001318   Section       12  rt_locale_intlibspace.o(.text)
    .text                                    0x00001328   Section       12  rt_new_handler_addr_intlibspace.o(.text)
    .text                                    0x00001334   Section        0  h1_alloc.o(.text)
    .text                                    0x000013a2   Section        0  _chval.o(.text)
    .text                                    0x000013c0   Section        0  strcspn.o(.text)
    .text                                    0x000013e4   Section        0  strspn.o(.text)
    .text                                    0x00001406   Section        0  arm_newhandler_noexceptions.o(.text)
    .text                                    0x00001414   Section       96  sys_stackheap_outer.o(.text)
    .text                                    0x00001478   Section       12  rt_heap_descriptor_intlibspace.o(.text)
    .text                                    0x00001484   Section        0  hguard.o(.text)
    .text                                    0x00001488   Section        0  init_alloc.o(.text)
    .text                                    0x0000151c   Section        0  h1_init.o(.text)
    .text                                    0x0000152a   Section        0  h1_free.o(.text)
    .text                                    0x0000157e   Section        0  exit.o(.text)
    .text                                    0x0000158a   Section        0  arm_exceptions_terminate.o(.text)
    .text                                    0x000015aa   Section        0  h1_extend.o(.text)
    .text                                    0x000015e2   Section        0  abort.o(.text)
    .text                                    0x000015f2   Section        0  defsig_rtmem_outer.o(.text)
    .text                                    0x00001604   Section        0  arm_exceptions_globs.o(.text)
    __default_terminate_handler()            0x00001605   Thumb Code     6  arm_exceptions_globs.o(.text)
    .text                                    0x00001664   Section        0  sys_exit.o(.text)
    .text                                    0x00001670   Section        4  use_no_semi.o(.text)
    .text                                    0x00001674   Section        0  indicate_semi.o(.text)
    .text                                    0x00001678   Section       12  rt_eh_globals_addr_intlibspace.o(.text)
    .text                                    0x00001684   Section        0  defsig_exit.o(.text)
    .text                                    0x00001694   Section        0  defsig_abrt_outer.o(.text)
    .text                                    0x000016a4   Section        0  defsig_rtmem_inner.o(.text)
    .text                                    0x000016f8   Section        0  arm_exceptions_mem.o(.text)
    .text                                    0x0000173e   Section        0  defsig_general.o(.text)
    .text                                    0x00001778   Section        0  defsig_abrt_inner.o(.text)
    .text                                    0x000017ac   Section        0  sys_wrch.o(.text)
    i._Znaj                                  0x000017c4   Section        0  array_new.o(i._Znaj)
    i._Znwj                                  0x000017d0   Section        0  new.o(i._Znwj)
    i.__ARM_common_call_via_r0               0x00001800   Section        0  new.o(i.__ARM_common_call_via_r0)
    i.__ARM_common_call_via_r1               0x00001802   Section        0  arm_exceptions_terminate.o(i.__ARM_common_call_via_r1)
    locale$$code                             0x00001808   Section       80  lc_ctype_c.o(locale$$code)
    locale$$data                             0x00001878   Section      272  lc_ctype_c.o(locale$$data)
    __lcctype_c_name                         0x0000187c   Data           2  lc_ctype_c.o(locale$$data)
    __lcctype_c_start                        0x00001884   Data           0  lc_ctype_c.o(locale$$data)
    __lcctype_c_end                          0x00001988   Data           0  lc_ctype_c.o(locale$$data)
    .data                                    0x40000000   Section        4  led.o(.data)
    uiStepCtr                                0x40000000   Data           4  led.o(.data)
    .data                                    0x40000004   Section       40  main.o(.data)
    .data                                    0x4000002c   Section        8  timer_interrupts.o(.data)
    .data                                    0x40000034   Section        4  strtok.o(.data)
    _strtok_saves1                           0x40000034   Data           4  strtok.o(.data)
    .bss                                     0x40000038   Section       12  main.o(.bss)
    .bss                                     0x40000044   Section       85  uart.o(.bss)
    .bss                                     0x4000009c   Section       96  libspace.o(.bss)
    HEAP                                     0x40000100   Section      256  startup.o(HEAP)
    Heap_Mem                                 0x40000100   Data         256  startup.o(HEAP)
    STACK                                    0x40000200   Section     1160  startup.o(STACK)
    Stack_Mem                                0x40000200   Data        1024  startup.o(STACK)
    Stack_Top                                0x40000688   Data           0  startup.o(STACK)

    Global Symbols

    Symbol Name                              Value     Ov Type        Size  Object(Section)

    BuildAttributes$$THM_ISAv1$ARM_ISAv4$S$PE$A:L22$X:L11$S22$IEEE1$IW$USESV6$~STKCKD$USESV7$~SHL$OTIME$ROPI$EBA8$UX$STANDARDLIB$REQ8$PRES8$EABIv2 0x00000000   Number         0  anon$$obj.o ABSOLUTE
    __ARM_use_no_argv                        0x00000000   Number         0  main.o ABSOLUTE
    SHT$$ARM_EXIDX$$Base                      - Undefined Reference
    SHT$$ARM_EXIDX$$Limit                     - Undefined Reference
    __ARM::default_unexpected_handler()       - Undefined Weak Reference
    __ARM_exceptions_buffer_required          - Undefined Weak Reference
    __ARM_exceptions_init                     - Undefined Weak Reference
    __aeabi_unwind_cpp_pr1                    - Undefined Weak Reference
    __aeabi_unwind_cpp_pr2                    - Undefined Weak Reference
    __alloca_initialize                       - Undefined Weak Reference
    __cpp_initialize__aeabi_                  - Undefined Weak Reference
    __cxa_begin_cleanup                       - Undefined Weak Reference
    __cxa_finalize                            - Undefined Weak Reference
    __cxa_type_match                          - Undefined Weak Reference
    __sigvec_lookup                           - Undefined Weak Reference
    __user_heap_extent                        - Undefined Weak Reference
    _atexit_init                              - Undefined Weak Reference
    _call_atexit_fns                          - Undefined Weak Reference
    _clock_init                               - Undefined Weak Reference
    _fp_trap_init                             - Undefined Weak Reference
    _fp_trap_shutdown                         - Undefined Weak Reference
    _get_lc_collate                           - Undefined Weak Reference
    _get_lc_monetary                          - Undefined Weak Reference
    _get_lc_numeric                           - Undefined Weak Reference
    _get_lc_time                              - Undefined Weak Reference
    _getenv_init                              - Undefined Weak Reference
    _handle_redirection                       - Undefined Weak Reference
    _initio                                   - Undefined Weak Reference
    _mutex_acquire                            - Undefined Weak Reference
    _mutex_free                               - Undefined Weak Reference
    _mutex_release                            - Undefined Weak Reference
    _rand_init                                - Undefined Weak Reference
    _signal_finish                            - Undefined Weak Reference
    _signal_init                              - Undefined Weak Reference
    _terminateio                              - Undefined Weak Reference
    Reset_Handler                            0x00000058   ARM Code       0  startup.o(RESET)
    __main                                   0x00000110   ARM Code       8  __main.o(!!!main)
    __scatterload                            0x00000118   ARM Code       0  __scatter.o(!!!scatter)
    __scatterload_rt2                        0x00000118   ARM Code      52  __scatter.o(!!!scatter)
    __scatterload_null                       0x0000012c   ARM Code       0  __scatter.o(!!!scatter)
    __scatterload_copy                       0x00000154   ARM Code      40  __scatter_copy.o(!!handler_copy)
    __scatterload_zeroinit                   0x0000017c   ARM Code      44  __scatter_zi.o(!!handler_zi)
    Inline ARM to Thumb Veneer to __rt_lib_init 0x000001a8   ARM Code       8  libinit.o(.ARM.Collect$$libinit$$00000000)
    __rt_lib_init                            0x000001b1   Thumb Code     0  libinit.o(.ARM.Collect$$libinit$$00000000)
    __rt_lib_init_fp_1                       0x000001b3   Thumb Code     0  libinit2.o(.ARM.Collect$$libinit$$00000002)
    __rt_lib_init_heap_2                     0x000001b3   Thumb Code     0  libinit2.o(.ARM.Collect$$libinit$$00000003)
    __rt_lib_init_heap_1                     0x000001bb   Thumb Code     0  libinit2.o(.ARM.Collect$$libinit$$00000008)
    __rt_lib_init_lc_common                  0x000001bb   Thumb Code     0  libinit2.o(.ARM.Collect$$libinit$$0000000D)
    __rt_lib_init_rand_1                     0x000001bb   Thumb Code     0  libinit2.o(.ARM.Collect$$libinit$$0000000C)
    __rt_lib_init_user_alloc_1               0x000001bb   Thumb Code     0  libinit2.o(.ARM.Collect$$libinit$$0000000A)
    __rt_lib_init_lc_collate_1               0x000001c1   Thumb Code     0  libinit2.o(.ARM.Collect$$libinit$$0000000F)
    __rt_lib_init_lc_ctype_2                 0x000001c1   Thumb Code     0  libinit2.o(.ARM.Collect$$libinit$$00000010)
    __rt_lib_init_alloca_1                   0x000001cd   Thumb Code     0  libinit2.o(.ARM.Collect$$libinit$$0000002C)
    __rt_lib_init_argv_1                     0x000001cd   Thumb Code     0  libinit2.o(.ARM.Collect$$libinit$$0000002A)
    __rt_lib_init_atexit_1                   0x000001cd   Thumb Code     0  libinit2.o(.ARM.Collect$$libinit$$00000019)
    __rt_lib_init_clock_1                    0x000001cd   Thumb Code     0  libinit2.o(.ARM.Collect$$libinit$$0000001F)
    __rt_lib_init_cpp_1                      0x000001cd   Thumb Code     0  libinit2.o(.ARM.Collect$$libinit$$00000030)
    __rt_lib_init_exceptions_1               0x000001cd   Thumb Code     0  libinit2.o(.ARM.Collect$$libinit$$0000002E)
    __rt_lib_init_fp_trap_1                  0x000001cd   Thumb Code     0  libinit2.o(.ARM.Collect$$libinit$$0000001D)
    __rt_lib_init_getenv_1                   0x000001cd   Thumb Code     0  libinit2.o(.ARM.Collect$$libinit$$00000021)
    __rt_lib_init_lc_ctype_1                 0x000001cd   Thumb Code     0  libinit2.o(.ARM.Collect$$libinit$$00000011)
    __rt_lib_init_lc_monetary_1              0x000001cd   Thumb Code     0  libinit2.o(.ARM.Collect$$libinit$$00000013)
    __rt_lib_init_lc_numeric_1               0x000001cd   Thumb Code     0  libinit2.o(.ARM.Collect$$libinit$$00000015)
    __rt_lib_init_lc_time_1                  0x000001cd   Thumb Code     0  libinit2.o(.ARM.Collect$$libinit$$00000017)
    __rt_lib_init_return                     0x000001cd   Thumb Code     0  libinit2.o(.ARM.Collect$$libinit$$00000031)
    __rt_lib_init_signal_1                   0x000001cd   Thumb Code     0  libinit2.o(.ARM.Collect$$libinit$$0000001B)
    __rt_lib_init_stdio_1                    0x000001cd   Thumb Code     0  libinit2.o(.ARM.Collect$$libinit$$00000023)
    Inline ARM to Thumb Veneer to __rt_lib_shutdown 0x000001d8   ARM Code       8  libshutdown.o(.ARM.Collect$$libshutdown$$00000000)
    __rt_lib_shutdown                        0x000001e1   Thumb Code     0  libshutdown.o(.ARM.Collect$$libshutdown$$00000000)
    __rt_lib_shutdown_fp_trap_1              0x000001e5   Thumb Code     0  libshutdown2.o(.ARM.Collect$$libshutdown$$00000006)
    __rt_lib_shutdown_heap_1                 0x000001e5   Thumb Code     0  libshutdown2.o(.ARM.Collect$$libshutdown$$0000000E)
    __rt_lib_shutdown_return                 0x000001e5   Thumb Code     0  libshutdown2.o(.ARM.Collect$$libshutdown$$0000000F)
    __rt_lib_shutdown_signal_1               0x000001e5   Thumb Code     0  libshutdown2.o(.ARM.Collect$$libshutdown$$00000009)
    __rt_lib_shutdown_stdio_1                0x000001e5   Thumb Code     0  libshutdown2.o(.ARM.Collect$$libshutdown$$00000003)
    __rt_lib_shutdown_user_alloc_1           0x000001e5   Thumb Code     0  libshutdown2.o(.ARM.Collect$$libshutdown$$0000000B)
    __rt_entry                               0x000001ec   ARM Code       0  rtentry.o(.ARM.Collect$$rtentry$$00000000)
    __rt_entry_presh_1                       0x000001ec   ARM Code       0  rtentry2.o(.ARM.Collect$$rtentry$$00000002)
    __rt_entry_sh                            0x000001ec   ARM Code       0  rtentry4.o(.ARM.Collect$$rtentry$$00000004)
    __rt_entry_li                            0x000001f4   ARM Code       0  rtentry2.o(.ARM.Collect$$rtentry$$0000000A)
    __rt_entry_postsh_1                      0x000001f4   ARM Code       0  rtentry2.o(.ARM.Collect$$rtentry$$00000009)
    __rt_entry_main                          0x000001f8   ARM Code       0  rtentry2.o(.ARM.Collect$$rtentry$$0000000D)
    __rt_entry_postli_1                      0x000001f8   ARM Code       0  rtentry2.o(.ARM.Collect$$rtentry$$0000000C)
    Inline Thumb to ARM Veneer to __rt_exit  0x00000221   Thumb Code     4  rtexit.o(.ARM.Collect$$rtexit$$00000000)
    __rt_exit                                0x00000224   ARM Code       0  rtexit.o(.ARM.Collect$$rtexit$$00000000)
    __rt_exit_ls                             0x00000228   ARM Code       0  rtexit2.o(.ARM.Collect$$rtexit$$00000003)
    __rt_exit_prels_1                        0x00000228   ARM Code       0  rtexit2.o(.ARM.Collect$$rtexit$$00000002)
    __rt_exit_exit                           0x0000022c   ARM Code       0  rtexit2.o(.ARM.Collect$$rtexit$$00000004)
    __user_initial_stackheap                 0x00000234   ARM Code       0  startup.o(.text)
    _maybe_terminate_alloc                   0x00000235   Thumb Code     0  maybetermalloc1.o(.emb_text)
    Decoder::Decoder(unsigned char, unsigned char, Keyword*) 0x00000258   ARM Code      60  decoder.o(.text)
    Decoder::Decoder__sub_object(unsigned char, unsigned char, Keyword*) 0x00000258   ARM Code       0  decoder.o(.text)
    Decoder::eSringToKeyword(char*, KeywordCode*) 0x00000294   ARM Code     112  decoder.o(.text)
    Decoder::DecodeTokens()                  0x00000304   ARM Code     132  decoder.o(.text)
    Decoder::ucFindTokensInString(char*)     0x00000388   ARM Code     104  decoder.o(.text)
    Decoder::DecodeMsg(char*)                0x000003f0   ARM Code      60  decoder.o(.text)
    Keyboard_Init()                          0x00000430   ARM Code      24  keyboard.o(.text)
    eKeyboard_Read()                         0x00000448   ARM Code     104  keyboard.o(.text)
    Led_Init()                               0x000004b4   ARM Code      40  led.o(.text)
    Led_On(unsigned char)                    0x000004dc   ARM Code     144  led.o(.text)
    Led_Step(Direction)                      0x0000056c   ARM Code     120  led.o(.text)
    Timer0_Handler()                         0x000005ec   ARM Code      20  main.o(.text)
    Timer1_Handler()                         0x00000600   ARM Code      20  main.o(.text)
    main                                     0x00000614   ARM Code     644  main.o(.text)
    Servo::DetectorInit()                    0x000008dc   ARM Code      24  servo.o(.text)
    Servo::Init()                            0x000008f4   ARM Code      36  servo.o(.text)
    Servo::Callib()                          0x00000918   ARM Code      20  servo.o(.text)
    Servo::GoTo(unsigned)                    0x0000092c   ARM Code       8  servo.o(.text)
    Servo::eReadDetector()                   0x00000934   ARM Code      36  servo.o(.text)
    Servo::Automate()                        0x00000958   ARM Code     248  servo.o(.text)
    CopyString(char*, char*)                 0x00000a54   ARM Code      52  strings.o(.text)
    ReplaceCharacterInString(char*, char, char) 0x00000a88   ARM Code      52  strings.o(.text)
    eCompareString(char*, char*)             0x00000abc   ARM Code      80  strings.o(.text)
    AppendString(char*, char*)               0x00000b0c   ARM Code      60  strings.o(.text)
    UIntToHexStr(unsigned, char*)            0x00000b48   ARM Code     112  strings.o(.text)
    AppendUIntToString(unsigned, char*)      0x00000bb8   ARM Code      60  strings.o(.text)
    eHexStringToUInt(char*, unsigned*)       0x00000bf4   ARM Code     224  strings.o(.text)
    Timer0IRQHandler()                       0x00000cd4   ARM Code      48  timer_interrupts.o(.text)
    Timer0Interrupts_Init(unsigned, void(*)()) 0x00000d04   ARM Code      92  timer_interrupts.o(.text)
    Timer1IRQHandler()                       0x00000d60   ARM Code      48  timer_interrupts.o(.text)
    Timer1Interrupts_Init(unsigned, void(*)()) 0x00000d90   ARM Code      92  timer_interrupts.o(.text)
    UART_Rx_GetStringCopy(char*)             0x00000dfc   ARM Code      40  uart.o(.text)
    eUART_Rx_GetStatus()                     0x00000e24   ARM Code      12  uart.o(.text)
    PutCharToRxBuffer(char)                  0x00000e30   ARM Code     120  uart.o(.text)
    GetCharFromTxBuffer()                    0x00000ea8   ARM Code     112  uart.o(.text)
    UART_Tx_SendString(char*)                0x00000f18   ARM Code      64  uart.o(.text)
    eUART_Tx_GetStatus()                     0x00000f58   ARM Code      12  uart.o(.text)
    InterruptServiceRoutine()                0x00000f64   ARM Code      92  uart.o(.text)
    UART_Init()                              0x00000fc0   ARM Code     120  uart.o(.text)
    Watch::Update()                          0x00001048   ARM Code      80  watch.o(.text)
    Inline ARM to Thumb Veneer to strtoul    0x0000109c   ARM Code       8  strtoul.o(.text)
    strtoul                                  0x000010a5   Thumb Code   122  strtoul.o(.text)
    Inline ARM to Thumb Veneer to strtok     0x00001120   ARM Code       8  strtok.o(.text)
    strtok                                   0x00001129   Thumb Code    14  strtok.o(.text)
    strcmp                                   0x0000113c   ARM Code     156  strcmp.o(.text)
    __use_two_region_memory                  0x000011dd   Thumb Code     2  heapauxi.o(.text)
    __rt_heap_escrow                         0x000011df   Thumb Code     2  heapauxi.o(.text)
    __rt_heap_expand                         0x000011e1   Thumb Code     2  heapauxi.o(.text)
    Inline Thumb to ARM Veneer to __rt_ctype_table 0x000011e5   Thumb Code     4  rt_ctype_table.o(.text)
    __rt_ctype_table                         0x000011e8   ARM Code      24  rt_ctype_table.o(.text)
    Inline Thumb to ARM Veneer to __aeabi_errno_addr 0x00001201   Thumb Code     4  rt_errno_addr_intlibspace.o(.text)
    __aeabi_errno_addr                       0x00001204   ARM Code      12  rt_errno_addr_intlibspace.o(.text)
    __errno$intlibspace                      0x00001204   ARM Code       0  rt_errno_addr_intlibspace.o(.text)
    __rt_errno_addr$intlibspace              0x00001204   ARM Code       0  rt_errno_addr_intlibspace.o(.text)
    _strtoul                                 0x00001211   Thumb Code   172  _strtoul.o(.text)
    __strtok_internal                        0x000012bd   Thumb Code    72  strtok_int.o(.text)
    __user_libspace                          0x00001308   ARM Code      12  libspace.o(.text)
    __user_perproc_libspace                  0x00001308   ARM Code       0  libspace.o(.text)
    __user_perthread_libspace                0x00001308   ARM Code       0  libspace.o(.text)
    Inline Thumb to ARM Veneer to __rt_locale 0x00001315   Thumb Code     4  rt_locale_intlibspace.o(.text)
    __rt_locale                              0x00001318   ARM Code      12  rt_locale_intlibspace.o(.text)
    Inline Thumb to ARM Veneer to __rt_new_handler_addr 0x00001325   Thumb Code     4  rt_new_handler_addr_intlibspace.o(.text)
    __rt_new_handler_addr                    0x00001328   ARM Code      12  rt_new_handler_addr_intlibspace.o(.text)
    malloc                                   0x00001335   Thumb Code   110  h1_alloc.o(.text)
    _chval                                   0x000013a3   Thumb Code    30  _chval.o(.text)
    strcspn                                  0x000013c1   Thumb Code    36  strcspn.o(.text)
    strspn                                   0x000013e5   Thumb Code    34  strspn.o(.text)
    __default_new_handler()                  0x00001407   Thumb Code    12  arm_newhandler_noexceptions.o(.text)
    __user_setup_stackheap                   0x00001414   ARM Code      96  sys_stackheap_outer.o(.text)
    Inline Thumb to ARM Veneer to __rt_heap_descriptor 0x00001475   Thumb Code     4  rt_heap_descriptor_intlibspace.o(.text)
    __rt_heap_descriptor                     0x00001478   ARM Code      12  rt_heap_descriptor_intlibspace.o(.text)
    __use_no_heap                            0x00001485   Thumb Code     2  hguard.o(.text)
    __heap$guard                             0x00001487   Thumb Code     2  hguard.o(.text)
    _terminate_user_alloc                    0x00001489   Thumb Code     2  init_alloc.o(.text)
    _init_user_alloc                         0x0000148b   Thumb Code     2  init_alloc.o(.text)
    __Heap_Full                              0x0000148d   Thumb Code    36  init_alloc.o(.text)
    __Heap_Broken                            0x000014b1   Thumb Code    14  init_alloc.o(.text)
    _init_alloc                              0x000014bf   Thumb Code    94  init_alloc.o(.text)
    __Heap_Initialize                        0x0000151d   Thumb Code    10  h1_init.o(.text)
    __Heap_DescSize                          0x00001527   Thumb Code     4  h1_init.o(.text)
    free                                     0x0000152b   Thumb Code    84  h1_free.o(.text)
    exit                                     0x0000157f   Thumb Code    12  exit.o(.text)
    std::terminate()                         0x0000158b   Thumb Code    32  arm_exceptions_terminate.o(.text)
    __Heap_ProvideMemory                     0x000015ab   Thumb Code    56  h1_extend.o(.text)
    abort                                    0x000015e3   Thumb Code    16  abort.o(.text)
    __rt_SIGRTMEM                            0x000015f3   Thumb Code    16  defsig_rtmem_outer.o(.text)
    __cxa_get_globals                        0x0000160b   Thumb Code    70  arm_exceptions_globs.o(.text)
    Inline ARM to Thumb Veneer to _sys_exit  0x0000165c   ARM Code       8  sys_exit.o(.text)
    _sys_exit                                0x00001665   Thumb Code     8  sys_exit.o(.text)
    __I$use$semihosting                      0x00001670   ARM Code       0  use_no_semi.o(.text)
    __use_no_semihosting_swi                 0x00001670   ARM Code       4  use_no_semi.o(.text)
    Inline Thumb to ARM Veneer to __rt_eh_globals_addr 0x00001675   Thumb Code     4  rt_eh_globals_addr_intlibspace.o(.text)
    __semihosting_library_function           0x00001674   ARM Code       0  indicate_semi.o(.text)
    __rt_eh_globals_addr                     0x00001678   ARM Code      12  rt_eh_globals_addr_intlibspace.o(.text)
    __sig_exit                               0x00001685   Thumb Code    16  defsig_exit.o(.text)
    __rt_SIGABRT                             0x00001695   Thumb Code    16  defsig_abrt_outer.o(.text)
    __rt_SIGRTMEM_inner                      0x000016a5   Thumb Code    26  defsig_rtmem_inner.o(.text)
    __ARM_exceptions_buffer_init             0x000016f9   Thumb Code    22  arm_exceptions_mem.o(.text)
    __ARM_exceptions_buffer_allocate         0x0000170f   Thumb Code    26  arm_exceptions_mem.o(.text)
    __ARM_exceptions_buffer_free             0x00001729   Thumb Code    22  arm_exceptions_mem.o(.text)
    __default_signal_display                 0x0000173f   Thumb Code    56  defsig_general.o(.text)
    __rt_SIGABRT_inner                       0x00001779   Thumb Code    18  defsig_abrt_inner.o(.text)
    _ttywrch                                 0x000017ad   Thumb Code    16  sys_wrch.o(.text)
    Inline ARM to Thumb Veneer to operator new[] (unsigned) 0x000017bc   ARM Code       8  array_new.o(i._Znaj)
    operator new[] (unsigned)                0x000017c5   Thumb Code    12  array_new.o(i._Znaj)
    operator new(unsigned)                   0x000017d1   Thumb Code    42  new.o(i._Znwj)
    __ARM_common_call_via_r0                 0x00001801   Thumb Code     2  new.o(i.__ARM_common_call_via_r0)
    __ARM_common_call_via_r1                 0x00001803   Thumb Code     2  arm_exceptions_terminate.o(i.__ARM_common_call_via_r1)
    Inline Thumb to ARM Veneer to _get_lc_ctype 0x00001805   Thumb Code     4  lc_ctype_c.o(locale$$code)
    _get_lc_ctype                            0x00001808   ARM Code      80  lc_ctype_c.o(locale$$code)
    Region$$Table$$Base                      0x00001858   Number         0  anon$$obj.o(Region$$Table)
    Region$$Table$$Limit                     0x00001878   Number         0  anon$$obj.o(Region$$Table)
    __ctype                                  0x00001885   Data           0  lc_ctype_c.o(locale$$data)
    asKeywords                               0x40000004   Data          36  main.o(.data)
    MyWatch                                  0x40000028   Data           4  main.o(.data)
    ptrTimer0InterruptFunction               0x4000002c   Data           4  timer_interrupts.o(.data)
    ptrTimer1InterruptFunction               0x40000030   Data           4  timer_interrupts.o(.data)
    MyServo                                  0x40000038   Data          12  main.o(.bss)
    sRxBuffer                                0x40000044   Data          42  uart.o(.bss)
    sTxBuffer                                0x4000006e   Data          43  uart.o(.bss)
    __libspace_start                         0x4000009c   Data          96  libspace.o(.bss)
    __temporary_stack_top$libspace           0x400000fc   Data           0  libspace.o(.bss)



==============================================================================

Memory Map of the image

  Image Entry point : 0x00000110

  Load Region LR_IROM1 (Base: 0x00000000, Size: 0x000019c0, Max: 0x00040000, ABSOLUTE)

    Execution Region ER_IROM1 (Base: 0x00000000, Size: 0x00001988, Max: 0x00040000, ABSOLUTE)

    Base Addr    Size         Type   Attr      Idx    E Section Name        Object

    0x00000000   0x00000110   Code   RO            3    RESET               startup.o
    0x00000110   0x00000008   Code   RO          182  * !!!main             c_t.l(__main.o)
    0x00000118   0x0000003c   Code   RO          699    !!!scatter          c_t.l(__scatter.o)
    0x00000154   0x00000028   Code   RO          701    !!handler_copy      c_t.l(__scatter_copy.o)
    0x0000017c   0x0000002c   Code   RO          703    !!handler_zi        c_t.l(__scatter_zi.o)
    0x000001a8   0x00000008   Ven    RO          502    .ARM.Collect$$libinit$$00000000  c_t.l(libinit.o)
    0x000001b0   0x00000002   Code   RO          502    .ARM.Collect$$libinit$$00000000  c_t.l(libinit.o)
    0x000001b2   0x00000000   Code   RO          504    .ARM.Collect$$libinit$$00000002  c_t.l(libinit2.o)
    0x000001b2   0x00000008   Code   RO          505    .ARM.Collect$$libinit$$00000003  c_t.l(libinit2.o)
    0x000001ba   0x00000000   Code   RO          507    .ARM.Collect$$libinit$$00000008  c_t.l(libinit2.o)
    0x000001ba   0x00000000   Code   RO          509    .ARM.Collect$$libinit$$0000000A  c_t.l(libinit2.o)
    0x000001ba   0x00000000   Code   RO          511    .ARM.Collect$$libinit$$0000000C  c_t.l(libinit2.o)
    0x000001ba   0x00000006   Code   RO          512    .ARM.Collect$$libinit$$0000000D  c_t.l(libinit2.o)
    0x000001c0   0x00000000   Code   RO          514    .ARM.Collect$$libinit$$0000000F  c_t.l(libinit2.o)
    0x000001c0   0x0000000c   Code   RO          515    .ARM.Collect$$libinit$$00000010  c_t.l(libinit2.o)
    0x000001cc   0x00000000   Code   RO          516    .ARM.Collect$$libinit$$00000011  c_t.l(libinit2.o)
    0x000001cc   0x00000000   Code   RO          518    .ARM.Collect$$libinit$$00000013  c_t.l(libinit2.o)
    0x000001cc   0x00000000   Code   RO          520    .ARM.Collect$$libinit$$00000015  c_t.l(libinit2.o)
    0x000001cc   0x00000000   Code   RO          522    .ARM.Collect$$libinit$$00000017  c_t.l(libinit2.o)
    0x000001cc   0x00000000   Code   RO          524    .ARM.Collect$$libinit$$00000019  c_t.l(libinit2.o)
    0x000001cc   0x00000000   Code   RO          526    .ARM.Collect$$libinit$$0000001B  c_t.l(libinit2.o)
    0x000001cc   0x00000000   Code   RO          528    .ARM.Collect$$libinit$$0000001D  c_t.l(libinit2.o)
    0x000001cc   0x00000000   Code   RO          530    .ARM.Collect$$libinit$$0000001F  c_t.l(libinit2.o)
    0x000001cc   0x00000000   Code   RO          532    .ARM.Collect$$libinit$$00000021  c_t.l(libinit2.o)
    0x000001cc   0x00000000   Code   RO          534    .ARM.Collect$$libinit$$00000023  c_t.l(libinit2.o)
    0x000001cc   0x00000000   Code   RO          538    .ARM.Collect$$libinit$$0000002A  c_t.l(libinit2.o)
    0x000001cc   0x00000000   Code   RO          540    .ARM.Collect$$libinit$$0000002C  c_t.l(libinit2.o)
    0x000001cc   0x00000000   Code   RO          542    .ARM.Collect$$libinit$$0000002E  c_t.l(libinit2.o)
    0x000001cc   0x00000000   Code   RO          544    .ARM.Collect$$libinit$$00000030  c_t.l(libinit2.o)
    0x000001cc   0x0000000c   Code   RO          545    .ARM.Collect$$libinit$$00000031  c_t.l(libinit2.o)
    0x000001d8   0x00000008   Ven    RO          663    .ARM.Collect$$libshutdown$$00000000  c_t.l(libshutdown.o)
    0x000001e0   0x00000004   Code   RO          663    .ARM.Collect$$libshutdown$$00000000  c_t.l(libshutdown.o)
    0x000001e4   0x00000000   Code   RO          666    .ARM.Collect$$libshutdown$$00000003  c_t.l(libshutdown2.o)
    0x000001e4   0x00000000   Code   RO          669    .ARM.Collect$$libshutdown$$00000006  c_t.l(libshutdown2.o)
    0x000001e4   0x00000000   Code   RO          672    .ARM.Collect$$libshutdown$$00000009  c_t.l(libshutdown2.o)
    0x000001e4   0x00000000   Code   RO          674    .ARM.Collect$$libshutdown$$0000000B  c_t.l(libshutdown2.o)
    0x000001e4   0x00000000   Code   RO          677    .ARM.Collect$$libshutdown$$0000000E  c_t.l(libshutdown2.o)
    0x000001e4   0x00000006   Code   RO          678    .ARM.Collect$$libshutdown$$0000000F  c_t.l(libshutdown2.o)
    0x000001ea   0x00000002   PAD
    0x000001ec   0x00000000   Code   RO          188    .ARM.Collect$$rtentry$$00000000  c_t.l(rtentry.o)
    0x000001ec   0x00000000   Code   RO          226    .ARM.Collect$$rtentry$$00000002  c_t.l(rtentry2.o)
    0x000001ec   0x00000008   Code   RO          238    .ARM.Collect$$rtentry$$00000004  c_t.l(rtentry4.o)
    0x000001f4   0x00000000   Code   RO          228    .ARM.Collect$$rtentry$$00000009  c_t.l(rtentry2.o)
    0x000001f4   0x00000004   Code   RO          229    .ARM.Collect$$rtentry$$0000000A  c_t.l(rtentry2.o)
    0x000001f8   0x00000000   Code   RO          231    .ARM.Collect$$rtentry$$0000000C  c_t.l(rtentry2.o)
    0x000001f8   0x00000028   Code   RO          232    .ARM.Collect$$rtentry$$0000000D  c_t.l(rtentry2.o)
    0x00000220   0x00000004   Ven    RO          575    .ARM.Collect$$rtexit$$00000000  c_t.l(rtexit.o)
    0x00000224   0x00000004   Code   RO          575    .ARM.Collect$$rtexit$$00000000  c_t.l(rtexit.o)
    0x00000228   0x00000000   Code   RO          615    .ARM.Collect$$rtexit$$00000002  c_t.l(rtexit2.o)
    0x00000228   0x00000004   Code   RO          616    .ARM.Collect$$rtexit$$00000003  c_t.l(rtexit2.o)
    0x0000022c   0x00000008   Code   RO          617    .ARM.Collect$$rtexit$$00000004  c_t.l(rtexit2.o)
    0x00000234   0x00000000   Code   RO          583    .emb_text           c_t.l(maybetermalloc1.o)
    0x00000234   0x00000024   Code   RO            4    .text               startup.o
    0x00000258   0x000001d8   Code   RO           11    .text               decoder.o
    0x00000430   0x00000084   Code   RO           40    .text               keyboard.o
    0x000004b4   0x00000138   Code   RO           57    .text               led.o
    0x000005ec   0x000002f0   Code   RO           72    .text               main.o
    0x000008dc   0x00000178   Code   RO           98    .text               servo.o
    0x00000a54   0x00000280   Code   RO          110    .text               strings.o
    0x00000cd4   0x00000128   Code   RO          123    .text               timer_interrupts.o
    0x00000dfc   0x0000024c   Code   RO          139    .text               uart.o
    0x00001048   0x00000054   Code   RO          158    .text               watch.o
    0x0000109c   0x00000008   Ven    RO          173    .text               c_t.l(strtoul.o)
    0x000010a4   0x0000007a   Code   RO          173    .text               c_t.l(strtoul.o)
    0x0000111e   0x00000002   PAD
    0x00001120   0x00000008   Ven    RO          175    .text               c_t.l(strtok.o)
    0x00001128   0x00000014   Code   RO          175    .text               c_t.l(strtok.o)
    0x0000113c   0x000000a0   Code   RO          178    .text               c_t.l(strcmp.o)
    0x000011dc   0x00000006   Code   RO          180    .text               c_t.l(heapauxi.o)
    0x000011e2   0x00000002   PAD
    0x000011e4   0x00000004   Ven    RO          189    .text               c_t.l(rt_ctype_table.o)
    0x000011e8   0x00000018   Code   RO          189    .text               c_t.l(rt_ctype_table.o)
    0x00001200   0x00000004   Ven    RO          194    .text               c_t.l(rt_errno_addr_intlibspace.o)
    0x00001204   0x0000000c   Code   RO          194    .text               c_t.l(rt_errno_addr_intlibspace.o)
    0x00001210   0x000000ac   Code   RO          196    .text               c_t.l(_strtoul.o)
    0x000012bc   0x0000004c   Code   RO          198    .text               c_t.l(strtok_int.o)
    0x00001308   0x0000000c   Code   RO          222    .text               c_t.l(libspace.o)
    0x00001314   0x00000004   Ven    RO          243    .text               c_t.l(rt_locale_intlibspace.o)
    0x00001318   0x0000000c   Code   RO          243    .text               c_t.l(rt_locale_intlibspace.o)
    0x00001324   0x00000004   Ven    RO          248    .text               c_t.l(rt_new_handler_addr_intlibspace.o)
    0x00001328   0x0000000c   Code   RO          248    .text               c_t.l(rt_new_handler_addr_intlibspace.o)
    0x00001334   0x0000006e   Code   RO          252    .text               c_t.l(h1_alloc.o)
    0x000013a2   0x0000001e   Code   RO          310    .text               c_t.l(_chval.o)
    0x000013c0   0x00000024   Code   RO          315    .text               c_t.l(strcspn.o)
    0x000013e4   0x00000022   Code   RO          317    .text               c_t.l(strspn.o)
    0x00001406   0x0000000c   Code   RO          324    .text               cpprt_t.l(arm_newhandler_noexceptions.o)
    0x00001412   0x00000002   PAD
    0x00001414   0x00000060   Code   RO          442    .text               c_t.l(sys_stackheap_outer.o)
    0x00001474   0x00000004   Ven    RO          447    .text               c_t.l(rt_heap_descriptor_intlibspace.o)
    0x00001478   0x0000000c   Code   RO          447    .text               c_t.l(rt_heap_descriptor_intlibspace.o)
    0x00001484   0x00000004   Code   RO          449    .text               c_t.l(hguard.o)
    0x00001488   0x00000094   Code   RO          451    .text               c_t.l(init_alloc.o)
    0x0000151c   0x0000000e   Code   RO          457    .text               c_t.l(h1_init.o)
    0x0000152a   0x00000054   Code   RO          459    .text               c_t.l(h1_free.o)
    0x0000157e   0x0000000c   Code   RO          475    .text               c_t.l(exit.o)
    0x0000158a   0x00000020   Code   RO          554    .text               cpprt_t.l(arm_exceptions_terminate.o)
    0x000015aa   0x00000038   Code   RO          585    .text               c_t.l(h1_extend.o)
    0x000015e2   0x00000010   Code   RO          589    .text               c_t.l(abort.o)
    0x000015f2   0x00000010   Code   RO          595    .text               c_t.l(defsig_rtmem_outer.o)
    0x00001602   0x00000002   PAD
    0x00001604   0x00000058   Code   RO          604    .text               cpprt_t.l(arm_exceptions_globs.o)
    0x0000165c   0x00000008   Ven    RO          609    .text               c_t.l(sys_exit.o)
    0x00001664   0x0000000c   Code   RO          609    .text               c_t.l(sys_exit.o)
    0x00001670   0x00000004   Code   RO          611    .text               c_t.l(use_no_semi.o)
    0x00001674   0x00000000   Code   RO          613    .text               c_t.l(indicate_semi.o)
    0x00001674   0x00000004   Ven    RO          628    .text               c_t.l(rt_eh_globals_addr_intlibspace.o)
    0x00001678   0x0000000c   Code   RO          628    .text               c_t.l(rt_eh_globals_addr_intlibspace.o)
    0x00001684   0x00000010   Code   RO          632    .text               c_t.l(defsig_exit.o)
    0x00001694   0x00000010   Code   RO          634    .text               c_t.l(defsig_abrt_outer.o)
    0x000016a4   0x00000054   Code   RO          638    .text               c_t.l(defsig_rtmem_inner.o)
    0x000016f8   0x00000046   Code   RO          644    .text               cpprt_t.l(arm_exceptions_mem.o)
    0x0000173e   0x00000038   Code   RO          653    .text               c_t.l(defsig_general.o)
    0x00001776   0x00000002   PAD
    0x00001778   0x00000034   Code   RO          655    .text               c_t.l(defsig_abrt_inner.o)
    0x000017ac   0x00000010   Code   RO          679    .text               c_t.l(sys_wrch.o)
    0x000017bc   0x00000008   Ven    RO          184    i._Znaj             cpprt_t.l(array_new.o)
    0x000017c4   0x0000000c   Code   RO          184    i._Znaj             cpprt_t.l(array_new.o)
    0x000017d0   0x00000030   Code   RO          202    i._Znwj             cpprt_t.l(new.o)
    0x00001800   0x00000002   Code   RO          206    i.__ARM_common_call_via_r0  cpprt_t.l(new.o)
    0x00001802   0x00000002   Code   RO          557    i.__ARM_common_call_via_r1  cpprt_t.l(arm_exceptions_terminate.o)
    0x00001804   0x00000004   Ven    RO          313    locale$$code        c_t.l(lc_ctype_c.o)
    0x00001808   0x00000050   Code   RO          313    locale$$code        c_t.l(lc_ctype_c.o)
    0x00001858   0x00000020   Data   RO          697    Region$$Table       anon$$obj.o
    0x00001878   0x00000110   Data   RO          312    locale$$data        c_t.l(lc_ctype_c.o)


    Execution Region RW_IRAM1 (Base: 0x40000000, Size: 0x00000688, Max: 0x00008000, ABSOLUTE)

    Base Addr    Size         Type   Attr      Idx    E Section Name        Object

    0x40000000   0x00000004   Data   RW           59    .data               led.o
    0x40000004   0x00000028   Data   RW           75    .data               main.o
    0x4000002c   0x00000008   Data   RW          125    .data               timer_interrupts.o
    0x40000034   0x00000004   Data   RW          176    .data               c_t.l(strtok.o)
    0x40000038   0x0000000c   Zero   RW           74    .bss                main.o
    0x40000044   0x00000055   Zero   RW          141    .bss                uart.o
    0x40000099   0x00000003   PAD
    0x4000009c   0x00000060   Zero   RW          223    .bss                c_t.l(libspace.o)
    0x400000fc   0x00000004   PAD
    0x40000100   0x00000100   Zero   RW            2    HEAP                startup.o
    0x40000200   0x00000488   Zero   RW            1    STACK               startup.o


==============================================================================

Image component sizes


      Code (inc. data)   RO Data    RW Data    ZI Data      Debug   Object Name

       472          4          0          0          0       5960   decoder.o
       132          4          0          0          0        779   keyboard.o
       312          8          0          4          0       1011   led.o
       752         68          0         40         12       2786   main.o
       376          4          0          0          0       1284   servo.o
       308         64          0          0       1416        460   startup.o
       640          0          0          0          0       2407   strings.o
       296         16          0          8          0       1936   timer_interrupts.o
       588         16          0          0         85       2915   uart.o
        84          4          0          0          0        356   watch.o

    ----------------------------------------------------------------------
      3960        188         32         52       1516      19894   Object Totals
         0          0         32          0          0          0   (incl. Generated)
         0          0          0          0          3          0   (incl. Padding)

    ----------------------------------------------------------------------

      Code (inc. data)   RO Data    RW Data    ZI Data      Debug   Library Member Name

         8          0          0          0          0         68   __main.o
        60          8          0          0          0          0   __scatter.o
        40          0          0          0          0          0   __scatter_copy.o
        44          0          0          0          0          0   __scatter_zi.o
        30          0          0          0          0         60   _chval.o
       172          0          0          0          0         96   _strtoul.o
        16          0          0          0          0         64   abort.o
        52         34          0          0          0         80   defsig_abrt_inner.o
        16          0          0          0          0         80   defsig_abrt_outer.o
        16          0          0          0          0         80   defsig_exit.o
        56          0          0          0          0         84   defsig_general.o
        84         58          0          0          0         80   defsig_rtmem_inner.o
        16          0          0          0          0         80   defsig_rtmem_outer.o
        12          0          0          0          0         64   exit.o
       110          0          0          0          0        116   h1_alloc.o
        56          0          0          0          0         80   h1_extend.o
        84          0          0          0          0        100   h1_free.o
        14          0          0          0          0         76   h1_init.o
         6          0          0          0          0        136   heapauxi.o
         4          0          0          0          0        120   hguard.o
         0          0          0          0          0          0   indicate_semi.o
       148          0          0          0          0        192   init_alloc.o
        84          8        272          0          0         92   lc_ctype_c.o
        10          0          0          0          0          0   libinit.o
        38          0          0          0          0          0   libinit2.o
        12          0          0          0          0          0   libshutdown.o
         6          0          0          0          0          0   libshutdown2.o
        12          4          0          0         96         68   libspace.o
         0          0          0          0          0          0   maybetermalloc1.o
        28          4          0          0          0         84   rt_ctype_table.o
        16          4          0          0          0         68   rt_eh_globals_addr_intlibspace.o
        16          4          0          0          0         68   rt_errno_addr_intlibspace.o
        16          4          0          0          0         68   rt_heap_descriptor_intlibspace.o
        16          4          0          0          0         68   rt_locale_intlibspace.o
        16          4          0          0          0         68   rt_new_handler_addr_intlibspace.o
         0          0          0          0          0          0   rtentry.o
        44          4          0          0          0          0   rtentry2.o
         8          0          0          0          0          0   rtentry4.o
         8          0          0          0          0          0   rtexit.o
        12          0          0          0          0          0   rtexit2.o
       160          4          0          0          0         80   strcmp.o
        36          0          0          0          0         76   strcspn.o
        34          0          0          0          0         72   strspn.o
        28          6          0          4          0         80   strtok.o
        76          4          0          0          0         92   strtok_int.o
       130          0          0          0          0         96   strtoul.o
        20          4          0          0          0         60   sys_exit.o
        96          0          0          0          0         80   sys_stackheap_outer.o
        16          0          0          0          0         76   sys_wrch.o
         4          0          0          0          0         68   use_no_semi.o
        88         12          0          0          0        112   arm_exceptions_globs.o
        70          0          0          0          0        112   arm_exceptions_mem.o
        34          0          0          0          0        128   arm_exceptions_terminate.o
        12          0          0          0          0         80   arm_newhandler_noexceptions.o
        20          0          0          0          0         80   array_new.o
        50          6          0          0          0        140   new.o

    ----------------------------------------------------------------------
      2272        176        272          4        100       3672   Library Totals
        12          0          0          0          4          0   (incl. Padding)

    ----------------------------------------------------------------------

      Code (inc. data)   RO Data    RW Data    ZI Data      Debug   Library Name

      1986        158        272          4         96       3020   c_t.l
       274         18          0          0          0        652   cpprt_t.l

    ----------------------------------------------------------------------
      2272        176        272          4        100       3672   Library Totals

    ----------------------------------------------------------------------

==============================================================================


      Code (inc. data)   RO Data    RW Data    ZI Data      Debug   

      6232        364        304         56       1616      20858   Grand Totals
      6232        364        304         56       1616      20858   ELF Image Totals
      6232        364        304         56          0          0   ROM Totals

==============================================================================

    Total RO  Size (Code + RO Data)                 6536 (   6.38kB)
    Total RW  Size (RW Data + ZI Data)              1672 (   1.63kB)
    Total ROM Size (Code + RO Data + RW Data)       6592 (   6.44kB)

==============================================================================

