<html>
<body>
<pre>
<h1>µVision Build Log</h1>
<h2>Project:</h2>
C:\Users\Jasiek\Documents\PPO\PPO\SERVO\2\servo.uvproj
Project File Date:  06/02/2026

<h2>Output:</h2>
Rebuild target 'Target 1'
assembling Startup.s...
compiling decoder.cpp...
compiling keyboard.cpp...
compiling led.cpp...
compiling main.cpp...
compiling servo.cpp...
compiling strings.cpp...
compiling timer_interrupts.cpp...
compiling uart.cpp...
compiling watch.cpp...
linking...
Program Size: Code=5476 RO-data=32 RW-data=52 ZI-data=1612  
FromELF: creating hex file...
".\servo.axf" - 0 Errors, 0 Warning(s).
Rebuild target 'Target 1'
assembling Startup.s...
compiling decoder.cpp...
compiling keyboard.cpp...
compiling led.cpp...
compiling main.cpp...
compiling servo.cpp...
compiling strings.cpp...
strings.cpp(24): error:  #135: namespace "std" has no member "string"
compiling timer_interrupts.cpp...
compiling uart.cpp...
compiling watch.cpp...
".\servo.axf" - 1 Errors, 0 Warning(s).
Target not created
Rebuild target 'Target 1'
assembling Startup.s...
compiling decoder.cpp...
compiling keyboard.cpp...
compiling led.cpp...
compiling main.cpp...
compiling servo.cpp...
compiling strings.cpp...
compiling timer_interrupts.cpp...
compiling uart.cpp...
compiling watch.cpp...
linking...
Program Size: Code=6132 RO-data=304 RW-data=52 ZI-data=1612  
FromELF: creating hex file...
".\servo.axf" - 0 Errors, 0 Warning(s).
Rebuild target 'Target 1'
assembling Startup.s...
compiling decoder.cpp...
decoder.cpp(28): warning:  #940-D: missing return statement at end of non-void function "Decoder::ucFindTokensInString"
compiling keyboard.cpp...
compiling led.cpp...
compiling main.cpp...
compiling servo.cpp...
compiling strings.cpp...
compiling timer_interrupts.cpp...
compiling uart.cpp...
compiling watch.cpp...
linking...
Program Size: Code=6228 RO-data=304 RW-data=56 ZI-data=1616  
FromELF: creating hex file...
".\servo.axf" - 0 Errors, 1 Warning(s).
Rebuild target 'Target 1'
assembling Startup.s...
compiling decoder.cpp...
compiling keyboard.cpp...
compiling led.cpp...
compiling main.cpp...
compiling servo.cpp...
compiling strings.cpp...
compiling timer_interrupts.cpp...
compiling uart.cpp...
compiling watch.cpp...
linking...
Program Size: Code=6232 RO-data=304 RW-data=56 ZI-data=1616  
FromELF: creating hex file...
".\servo.axf" - 0 Errors, 0 Warning(s).
