<html>
<body>
<pre>
<h1>µVision Build Log</h1>
<h2>Project:</h2>
C:\Users\Jasiek\Documents\PPO\8\8e\zad8e.uvproj
Project File Date:  03/30/2026

<h2>Output:</h2>
Rebuild target 'Target 1'
assembling Startup.s...
compiling keyboard.cpp...
compiling led.cpp...
ledinv.h(8): warning:  #1300-D: On inherits implicit virtual
compiling stepper.cpp...
ledinv.h(8): warning:  #1300-D: On inherits implicit virtual
compiling ledinv.cpp...
ledinv.h(8): warning:  #1300-D: On inherits implicit virtual
compiling main.cpp...
ledinv.h(8): warning:  #1300-D: On inherits implicit virtual
linking...
Program Size: Code=1396 RO-data=60 RW-data=20 ZI-data=1260  
".\zad8e.axf" - 0 Errors, 4 Warning(s).
Rebuild target 'Target 1'
assembling Startup.s...
compiling keyboard.cpp...
compiling led.cpp...
compiling stepper.cpp...
compiling ledinv.cpp...
compiling main.cpp...
linking...
Program Size: Code=1396 RO-data=60 RW-data=20 ZI-data=1260  
".\zad8e.axf" - 0 Errors, 0 Warning(s).
