<html>
<body>
<pre>
<h1>µVision Build Log</h1>
<h2>Project:</h2>
C:\Users\Jasiek\Documents\PPO\PPO_kolos\8C\ppo.uvproj
Project File Date:  04/21/2026

<h2>Output:</h2>
Rebuild target 'Target 1'
assembling Startup.s...
compiling led.cpp...
compiling main.cpp...
compiling stepper.cpp...
compiling keyboard.cpp...
compiling ledinv.cpp...
ledinv.cpp(29): warning:  #1-D: last line of file ends without a newline
linking...
Program Size: Code=1224 RO-data=36 RW-data=4 ZI-data=1260  
".\ppo.axf" - 0 Errors, 1 Warning(s).
Rebuild target 'Target 1'
assembling Startup.s...
compiling led.cpp...
compiling main.cpp...
compiling stepper.cpp...
compiling keyboard.cpp...
compiling ledinv.cpp...
ledinv.cpp(29): warning:  #1-D: last line of file ends without a newline
linking...
Program Size: Code=1388 RO-data=36 RW-data=4 ZI-data=1260  
".\ppo.axf" - 0 Errors, 1 Warning(s).
Build target 'Target 1'
compiling ledinv.cpp...
linking...
Program Size: Code=1388 RO-data=36 RW-data=4 ZI-data=1260  
".\ppo.axf" - 0 Errors, 0 Warning(s).
Rebuild target 'Target 1'
assembling Startup.s...
compiling led.cpp...
compiling main.cpp...
compiling stepper.cpp...
compiling keyboard.cpp...
compiling ledinv.cpp...
linking...
Program Size: Code=1388 RO-data=36 RW-data=4 ZI-data=1260  
".\ppo.axf" - 0 Errors, 0 Warning(s).
