<html>
<body>
<pre>
<h1>µVision Build Log</h1>
<h2>Project:</h2>
C:\Users\Jasiek\Documents\PPO\5\zad5.uvproj
Project File Date:  03/29/2026

<h2>Output:</h2>
Rebuild target 'Target 1'
assembling Startup.s...
compiling main.cpp...
main.cpp(2): error:  #5: cannot open source input file "stepper.h": No such file or directory
compiling led.cpp...
led.cpp(4): error:  #5: cannot open source input file "stepper.h": No such file or directory
".\zad5.axf" - 2 Errors, 0 Warning(s).
Target not created
Rebuild target 'Target 1'
assembling Startup.s...
compiling main.cpp...
stepper.h(2): error:  #3: #include file "stepper.h" includes itself
compiling led.cpp...
C:\Keil\ARM\Inc\Philips\LPC213X.H(182): warning:  #47-D: incompatible redefinition of macro "U0IER" (declared at line 163 of "C:\Keil\ARM\Inc\Philips\LPC21xx.H")
C:\Keil\ARM\Inc\Philips\LPC213X.H(183): warning:  #47-D: incompatible redefinition of macro "U0IIR" (declared at line 164 of "C:\Keil\ARM\Inc\Philips\LPC21xx.H")
C:\Keil\ARM\Inc\Philips\LPC213X.H(191): warning:  #47-D: incompatible redefinition of macro "U0FDR" (declared at line 169 of "C:\Keil\ARM\Inc\Philips\LPC21xx.H")
C:\Keil\ARM\Inc\Philips\LPC213X.H(197): warning:  #47-D: incompatible redefinition of macro "U1IER" (declared at line 176 of "C:\Keil\ARM\Inc\Philips\LPC21xx.H")
C:\Keil\ARM\Inc\Philips\LPC213X.H(198): warning:  #47-D: incompatible redefinition of macro "U1IIR" (declared at line 177 of "C:\Keil\ARM\Inc\Philips\LPC21xx.H")
C:\Keil\ARM\Inc\Philips\LPC213X.H(208): warning:  #47-D: incompatible redefinition of macro "U1FDR" (declared at line 184 of "C:\Keil\ARM\Inc\Philips\LPC21xx.H")
stepper.h(2): error:  #3: #include file "stepper.h" includes itself
compiling stepper.cpp...
stepper.h(2): error:  #3: #include file "stepper.h" includes itself
".\zad5.axf" - 3 Errors, 6 Warning(s).
Target not created
Rebuild target 'Target 1'
assembling Startup.s...
compiling main.cpp...
stepper.h(2): error:  #3: #include file "stepper.h" includes itself
compiling led.cpp...
C:\Keil\ARM\Inc\Philips\LPC213X.H(182): warning:  #47-D: incompatible redefinition of macro "U0IER" (declared at line 163 of "C:\Keil\ARM\Inc\Philips\LPC21xx.H")
C:\Keil\ARM\Inc\Philips\LPC213X.H(183): warning:  #47-D: incompatible redefinition of macro "U0IIR" (declared at line 164 of "C:\Keil\ARM\Inc\Philips\LPC21xx.H")
C:\Keil\ARM\Inc\Philips\LPC213X.H(191): warning:  #47-D: incompatible redefinition of macro "U0FDR" (declared at line 169 of "C:\Keil\ARM\Inc\Philips\LPC21xx.H")
C:\Keil\ARM\Inc\Philips\LPC213X.H(197): warning:  #47-D: incompatible redefinition of macro "U1IER" (declared at line 176 of "C:\Keil\ARM\Inc\Philips\LPC21xx.H")
C:\Keil\ARM\Inc\Philips\LPC213X.H(198): warning:  #47-D: incompatible redefinition of macro "U1IIR" (declared at line 177 of "C:\Keil\ARM\Inc\Philips\LPC21xx.H")
C:\Keil\ARM\Inc\Philips\LPC213X.H(208): warning:  #47-D: incompatible redefinition of macro "U1FDR" (declared at line 184 of "C:\Keil\ARM\Inc\Philips\LPC21xx.H")
stepper.h(2): error:  #3: #include file "stepper.h" includes itself
compiling stepper.cpp...
stepper.h(2): error:  #3: #include file "stepper.h" includes itself
".\zad5.axf" - 3 Errors, 6 Warning(s).
Target not created
Rebuild target 'Target 1'
assembling Startup.s...
compiling main.cpp...
stepper.h(2): error:  #3: #include file "stepper.h" includes itself
compiling led.cpp...
C:\Keil\ARM\Inc\Philips\LPC213X.H(182): warning:  #47-D: incompatible redefinition of macro "U0IER" (declared at line 163 of "C:\Keil\ARM\Inc\Philips\LPC21xx.H")
C:\Keil\ARM\Inc\Philips\LPC213X.H(183): warning:  #47-D: incompatible redefinition of macro "U0IIR" (declared at line 164 of "C:\Keil\ARM\Inc\Philips\LPC21xx.H")
C:\Keil\ARM\Inc\Philips\LPC213X.H(191): warning:  #47-D: incompatible redefinition of macro "U0FDR" (declared at line 169 of "C:\Keil\ARM\Inc\Philips\LPC21xx.H")
C:\Keil\ARM\Inc\Philips\LPC213X.H(197): warning:  #47-D: incompatible redefinition of macro "U1IER" (declared at line 176 of "C:\Keil\ARM\Inc\Philips\LPC21xx.H")
C:\Keil\ARM\Inc\Philips\LPC213X.H(198): warning:  #47-D: incompatible redefinition of macro "U1IIR" (declared at line 177 of "C:\Keil\ARM\Inc\Philips\LPC21xx.H")
C:\Keil\ARM\Inc\Philips\LPC213X.H(208): warning:  #47-D: incompatible redefinition of macro "U1FDR" (declared at line 184 of "C:\Keil\ARM\Inc\Philips\LPC21xx.H")
stepper.h(2): error:  #3: #include file "stepper.h" includes itself
compiling stepper.cpp...
stepper.h(2): error:  #3: #include file "stepper.h" includes itself
".\zad5.axf" - 3 Errors, 6 Warning(s).
Target not created
Rebuild target 'Target 1'
assembling Startup.s...
compiling main.cpp...
compiling led.cpp...
led.cpp(68): warning:  #1-D: last line of file ends without a newline
compiling stepper.cpp...
linking...
Program Size: Code=964 RO-data=36 RW-data=4 ZI-data=1260  
".\zad5.axf" - 0 Errors, 1 Warning(s).
Rebuild target 'Target 1'
assembling Startup.s...
compiling main.cpp...
compiling led.cpp...
compiling stepper.cpp...
linking...
Program Size: Code=964 RO-data=36 RW-data=4 ZI-data=1260  
".\zad5.axf" - 0 Errors, 0 Warning(s).
Rebuild target 'Target 1'
assembling Startup.s...
compiling main.cpp...
compiling led.cpp...
compiling stepper.cpp...
linking...
Program Size: Code=964 RO-data=36 RW-data=4 ZI-data=1260  
".\zad5.axf" - 0 Errors, 0 Warning(s).
Rebuild target 'Target 1'
assembling Startup.s...
compiling main.cpp...
compiling led.cpp...
compiling stepper.cpp...
linking...
Program Size: Code=964 RO-data=36 RW-data=4 ZI-data=1260  
".\zad5.axf" - 0 Errors, 0 Warning(s).
Rebuild target 'Target 1'
assembling Startup.s...
compiling main.cpp...
compiling led.cpp...
compiling stepper.cpp...
linking...
Program Size: Code=964 RO-data=36 RW-data=4 ZI-data=1260  
".\zad5.axf" - 0 Errors, 0 Warning(s).
Rebuild target 'Target 1'
assembling Startup.s...
compiling main.cpp...
compiling led.cpp...
compiling stepper.cpp...
stepper.cpp(17): error:  #410-D: protected function "Led::On" (declared at line 6 of "led.h") is not accessible through a "Led" pointer or object
stepper.cpp(23): error:  #410-D: protected function "Led::On" (declared at line 6 of "led.h") is not accessible through a "Led" pointer or object
".\zad5.axf" - 2 Errors, 0 Warning(s).
Target not created
Rebuild target 'Target 1'
assembling Startup.s...
compiling main.cpp...
compiling led.cpp...
compiling stepper.cpp...
linking...
Program Size: Code=964 RO-data=36 RW-data=4 ZI-data=1260  
".\zad5.axf" - 0 Errors, 0 Warning(s).
