<html>
<body>
<pre>
<h1>µVision Build Log</h1>
<h2>Project:</h2>
C:\Users\Jasiek\Documents\PPO\PPO_kolos\2\ppo.uvproj
Project File Date:  03/24/2026

<h2>Output:</h2>
Rebuild target 'Target 1'
assembling Startup.s...
compiling led.cpp...
compiling main.cpp...
linking...
.\ppo.axf: Error: L6218E: Undefined symbol main (referred from rtentry2.o).
".\ppo.axf" - 1 Errors, 0 Warning(s).
Target not created
Rebuild target 'Target 1'
assembling Startup.s...
compiling led.cpp...
led.h(13): warning:  #1-D: last line of file ends without a newline
led.cpp(56): warning:  #177-D: variable "LEFT" was declared but never referenced
led.cpp(62): warning:  #177-D: variable "RIGHT" was declared but never referenced
compiling main.cpp...
led.h(3): error:  #20: identifier "class" is undefined
led.h(3): error:  #65: expected a ";"
led.h(12): warning:  #12-D: parsing restarts here after previous syntax error
led.h(13): warning:  #1-D: last line of file ends without a newline
main.c(12): warning:  #223-D: function "LedInit" declared implicitly
main.c(16): warning:  #223-D: function "LedStepLeft" declared implicitly
compiling main.c...
led.h(3): error:  #20: identifier "class" is undefined
led.h(3): error:  #65: expected a ";"
led.h(12): warning:  #12-D: parsing restarts here after previous syntax error
led.h(13): warning:  #1-D: last line of file ends without a newline
main.c(12): warning:  #223-D: function "LedInit" declared implicitly
main.c(16): warning:  #223-D: function "LedStepLeft" declared implicitly
".\ppo.axf" - 4 Errors, 11 Warning(s).
Target not created
Rebuild target 'Target 1'
assembling Startup.s...
compiling led.cpp...
led.h(13): warning:  #1-D: last line of file ends without a newline
led.cpp(56): warning:  #177-D: variable "LEFT" was declared but never referenced
led.cpp(62): warning:  #177-D: variable "RIGHT" was declared but never referenced
compiling main.cpp...
led.h(13): warning:  #1-D: last line of file ends without a newline
linking...
.\ppo.axf: Error: L6218E: Undefined symbol Led::StepLeft() (referred from main.o).
".\ppo.axf" - 1 Errors, 4 Warning(s).
Target not created
Rebuild target 'Target 1'
assembling Startup.s...
compiling led.cpp...
led.h(13): warning:  #1-D: last line of file ends without a newline
led.cpp(56): warning:  #177-D: variable "LEFT" was declared but never referenced
led.cpp(62): warning:  #177-D: variable "RIGHT" was declared but never referenced
compiling main.cpp...
led.h(13): warning:  #1-D: last line of file ends without a newline
linking...
.\ppo.axf: Error: L6218E: Undefined symbol Led::StepLeft() (referred from main.o).
".\ppo.axf" - 1 Errors, 4 Warning(s).
Target not created
Rebuild target 'Target 1'
assembling Startup.s...
compiling led.cpp...
led.cpp(56): warning:  #177-D: variable "LEFT" was declared but never referenced
led.cpp(62): warning:  #177-D: variable "RIGHT" was declared but never referenced
compiling main.cpp...
linking...
.\ppo.axf: Error: L6218E: Undefined symbol Led::StepLeft() (referred from main.o).
".\ppo.axf" - 1 Errors, 2 Warning(s).
Target not created
Build target 'Target 1'
compiling led.cpp...
led.cpp(56): warning:  #177-D: variable "LEFT" was declared but never referenced
led.cpp(62): warning:  #177-D: variable "RIGHT" was declared but never referenced
compiling main.cpp...
linking...
.\ppo.axf: Error: L6218E: Undefined symbol Led::StepLeft() (referred from main.o).
".\ppo.axf" - 1 Errors, 2 Warning(s).
Target not created
Rebuild target 'Target 1'
assembling Startup.s...
compiling led.cpp...
led.cpp(56): warning:  #177-D: variable "LEFT" was declared but never referenced
led.cpp(62): warning:  #177-D: variable "RIGHT" was declared but never referenced
compiling main.cpp...
linking...
.\ppo.axf: Error: L6218E: Undefined symbol Led::StepLeft() (referred from main.o).
".\ppo.axf" - 1 Errors, 2 Warning(s).
Target not created
Rebuild target 'Target 1'
assembling Startup.s...
compiling led.cpp...
compiling main.cpp...
linking...
Program Size: Code=896 RO-data=32 RW-data=4 ZI-data=1260  
".\ppo.axf" - 0 Errors, 0 Warning(s).
