ARM Linker, 5.03 [Build 76] [MDK-ARM Lite]

==============================================================================

Section Cross References

    startup.o(RESET) refers to startup.o(STACK) for Stack_Top
    startup.o(RESET) refers to entry.o(.ARM.Collect$$$$00000000) for __main
    keyboard.o(.ARM.exidx) refers to keyboard.o(.text) for .text
    main.o(.text) refers to keyboard.o(.text) for Keyboard_Init()
    main.o(.text) refers to uart.o(.text) for UART_Init()
    main.o(.text) refers to servo.o(.text) for Servo_Init(unsigned)
    main.o(.text) refers to watch.o(.text) for Wath_Init()
    main.o(.text) refers to decoder.o(.text) for DecodeMsg(char*)
    main.o(.text) refers to strings.o(.text) for CopyString(char*, char*)
    main.o(.text) refers to decoder.o(.data) for ucTokenNr
    main.o(.text) refers to decoder.o(.bss) for asTokens
    main.o(.text) refers to watch.o(.data) for sWatch
    main.o(.ARM.exidx) refers to main.o(.text) for .text
    led.o(.text) refers to led.o(.data) for uiStepCtr
    led.o(.ARM.exidx) refers to led.o(.text) for .text
    servo.o(.text) refers to led.o(.text) for Led_Step(Direction)
    servo.o(.text) refers to uidiv.o(.text) for __aeabi_uidivmod
    servo.o(.text) refers to timer_interrupts.o(.text) for Timer0Interrupts_Init(unsigned, void(*)())
    servo.o(.text) refers to servo.o(.bss) for sServo
    servo.o(.ARM.exidx) refers to servo.o(.text) for .text
    watch.o(.text) refers to timer_interrupts.o(.text) for Timer1Interrupts_Init(unsigned, void(*)())
    watch.o(.text) refers to watch.o(.data) for sWatch
    watch.o(.ARM.exidx) refers to watch.o(.text) for .text
    uart.o(.text) refers to strings.o(.text) for CopyString(char*, char*)
    uart.o(.text) refers to uart.o(.bss) for sRxBuffer
    uart.o(.ARM.exidx) refers to uart.o(.text) for .text
    decoder.o(.text) refers to strings.o(.text) for eCompareString(char*, char*)
    decoder.o(.text) refers to decoder.o(.bss) for asTokens
    decoder.o(.text) refers to decoder.o(.data) for asKeywords
    decoder.o(.ARM.exidx) refers to decoder.o(.text) for .text
    strings.o(.ARM.exidx) refers to strings.o(.text) for .text
    timer_interrupts.o(.text) refers to timer_interrupts.o(.data) for ptrTimer0InterruptFunction
    timer_interrupts.o(.ARM.exidx) refers to timer_interrupts.o(.text) for .text
    entry.o(.ARM.Collect$$$$00000000) refers (Special) to entry10a.o(.ARM.Collect$$$$0000000D) for __rt_final_cpp
    entry.o(.ARM.Collect$$$$00000000) refers (Special) to entry11a.o(.ARM.Collect$$$$0000000F) for __rt_final_exit
    entry.o(.ARM.Collect$$$$00000000) refers (Special) to entry7b.o(.ARM.Collect$$$$00000008) for _main_clock
    entry.o(.ARM.Collect$$$$00000000) refers (Special) to entry8b.o(.ARM.Collect$$$$0000000A) for _main_cpp_init
    entry.o(.ARM.Collect$$$$00000000) refers (Special) to entry9a.o(.ARM.Collect$$$$0000000B) for _main_init
    entry.o(.ARM.Collect$$$$00000000) refers (Special) to entry5.o(.ARM.Collect$$$$00000004) for _main_scatterload
    entry.o(.ARM.Collect$$$$00000000) refers (Special) to entry2.o(.ARM.Collect$$$$00000001) for _main_stk
    entry2.o(.ARM.Collect$$$$00000001) refers to entry2.o(.ARM.Collect$$$$00002712) for __lit__00000000
    entry2.o(.ARM.Collect$$$$00002712) refers to startup.o(STACK) for __initial_sp
    entry5.o(.ARM.Collect$$$$00000004) refers to init.o(.text) for __scatterload
    entry9a.o(.ARM.Collect$$$$0000000B) refers to main.o(.text) for main
    entry9b.o(.ARM.Collect$$$$0000000C) refers to main.o(.text) for main
    init.o(.text) refers to init.o(i.__ARM_common_call_via_r3) for __ARM_common_call_via_r3
    init.o(.text) refers to entry5.o(.ARM.Collect$$$$00000004) for __main_after_scatterload


==============================================================================

Removing Unused input sections from the image.

    Removing startup.o(HEAP), (0 bytes).
    Removing keyboard.o(.ARM.exidx), (8 bytes).
    Removing main.o(.ARM.exidx), (8 bytes).
    Removing led.o(.ARM.exidx), (8 bytes).
    Removing servo.o(.ARM.exidx), (8 bytes).
    Removing watch.o(.ARM.exidx), (8 bytes).
    Removing uart.o(.ARM.exidx), (8 bytes).
    Removing decoder.o(.ARM.exidx), (8 bytes).
    Removing strings.o(.ARM.exidx), (8 bytes).
    Removing timer_interrupts.o(.ARM.exidx), (8 bytes).

10 unused section(s) (total 72 bytes) removed from the image.

==============================================================================

Adding Veneers to the image

    Adding AT veneer (8 bytes, Inline) for call to '__aeabi_uidivmod' from servo.o(.text).
    Adding AT veneer (8 bytes, Inline) for call to '__scatterload' from entry5.o(.ARM.Collect$$$$00000004).
    Adding TA veneer (8 bytes, Short) for call to '__main_after_scatterload' from init.o(.text).

3 Veneer(s) (total 24 bytes) added to the image.

==============================================================================

Image Symbol Table

    Local Symbols

    Symbol Name                              Value     Ov Type        Size  Object(Section)

    RESET                                    0x00000000   Section      264  startup.o(RESET)
    ../clib/microlib/division.c              0x00000000   Number         0  uidiv.o ABSOLUTE
    ../clib/microlib/init/entry.s            0x00000000   Number         0  entry7a.o ABSOLUTE
    ../clib/microlib/init/entry.s            0x00000000   Number         0  entry9b.o ABSOLUTE
    ../clib/microlib/init/entry.s            0x00000000   Number         0  entry8b.o ABSOLUTE
    ../clib/microlib/init/entry.s            0x00000000   Number         0  entry8a.o ABSOLUTE
    ../clib/microlib/init/entry.s            0x00000000   Number         0  entry2.o ABSOLUTE
    ../clib/microlib/init/entry.s            0x00000000   Number         0  entry5.o ABSOLUTE
    ../clib/microlib/init/entry.s            0x00000000   Number         0  entry7b.o ABSOLUTE
    ../clib/microlib/init/entry.s            0x00000000   Number         0  entry11b.o ABSOLUTE
    ../clib/microlib/init/entry.s            0x00000000   Number         0  entry11a.o ABSOLUTE
    ../clib/microlib/init/entry.s            0x00000000   Number         0  entry10b.o ABSOLUTE
    ../clib/microlib/init/entry.s            0x00000000   Number         0  entry9a.o ABSOLUTE
    ../clib/microlib/init/entry.s            0x00000000   Number         0  entry10a.o ABSOLUTE
    ../clib/microlib/init/entry.s            0x00000000   Number         0  entry.o ABSOLUTE
    Startup.s                                0x00000000   Number         0  startup.o ABSOLUTE
    dc.s                                     0x00000000   Number         0  dc.o ABSOLUTE
    decoder.cpp                              0x00000000   Number         0  decoder.o ABSOLUTE
    handlers.s                               0x00000000   Number         0  handlers.o ABSOLUTE
    init.s                                   0x00000000   Number         0  init.o ABSOLUTE
    keyboard.cpp                             0x00000000   Number         0  keyboard.o ABSOLUTE
    led.cpp                                  0x00000000   Number         0  led.o ABSOLUTE
    main.cpp                                 0x00000000   Number         0  main.o ABSOLUTE
    servo.cpp                                0x00000000   Number         0  servo.o ABSOLUTE
    strings.cpp                              0x00000000   Number         0  strings.o ABSOLUTE
    timer_interrupts.cpp                     0x00000000   Number         0  timer_interrupts.o ABSOLUTE
    uart.cpp                                 0x00000000   Number         0  uart.o ABSOLUTE
    watch.cpp                                0x00000000   Number         0  watch.o ABSOLUTE
    Undef_Handler                            0x00000040   ARM Code       4  startup.o(RESET)
    SWI_Handler                              0x00000044   ARM Code       4  startup.o(RESET)
    PAbt_Handler                             0x00000048   ARM Code       4  startup.o(RESET)
    DAbt_Handler                             0x0000004c   ARM Code       4  startup.o(RESET)
    IRQ_Handler                              0x00000050   ARM Code       4  startup.o(RESET)
    FIQ_Handler                              0x00000054   ARM Code       4  startup.o(RESET)
    .ARM.Collect$$$$00000000                 0x00000108   Section        0  entry.o(.ARM.Collect$$$$00000000)
    .ARM.Collect$$$$00000001                 0x00000108   Section        4  entry2.o(.ARM.Collect$$$$00000001)
    .ARM.Collect$$$$00000004                 0x0000010c   Section        4  entry5.o(.ARM.Collect$$$$00000004)
    .ARM.Collect$$$$00000008                 0x00000110   Section        0  entry7b.o(.ARM.Collect$$$$00000008)
    .ARM.Collect$$$$0000000A                 0x00000110   Section        0  entry8b.o(.ARM.Collect$$$$0000000A)
    .ARM.Collect$$$$0000000B                 0x00000110   Section       12  entry9a.o(.ARM.Collect$$$$0000000B)
    .ARM.Collect$$$$0000000D                 0x0000011c   Section        0  entry10a.o(.ARM.Collect$$$$0000000D)
    .ARM.Collect$$$$0000000F                 0x0000011c   Section        0  entry11a.o(.ARM.Collect$$$$0000000F)
    .ARM.Collect$$$$00002712                 0x0000011c   Section        4  entry2.o(.ARM.Collect$$$$00002712)
    __lit__00000000                          0x0000011c   Data           4  entry2.o(.ARM.Collect$$$$00002712)
    .text                                    0x00000120   Section        0  keyboard.o(.text)
    .text                                    0x000001a4   Section        0  main.o(.text)
    .text                                    0x00000420   Section        0  led.o(.text)
    .text                                    0x00000558   Section        0  servo.o(.text)
    .text                                    0x00000738   Section        0  watch.o(.text)
    .text                                    0x000007a8   Section        0  uart.o(.text)
    .text                                    0x000009f4   Section        0  decoder.o(.text)
    .text                                    0x00000bc8   Section        0  strings.o(.text)
    .text                                    0x00000e48   Section        0  timer_interrupts.o(.text)
    .text                                    0x00000f78   Section        0  uidiv.o(.text)
    .text                                    0x00000fb0   Section       32  init.o(.text)
    i.__ARM_common_call_via_r3               0x00000fd8   Section        2  init.o(i.__ARM_common_call_via_r3)
    i.__scatterload_copy                     0x00000fdc   Section       28  handlers.o(i.__scatterload_copy)
    i.__scatterload_null                     0x00000ff8   Section        4  handlers.o(i.__scatterload_null)
    i.__scatterload_zeroinit                 0x00000ffc   Section       24  handlers.o(i.__scatterload_zeroinit)
    .data                                    0x40000000   Section        4  led.o(.data)
    uiStepCtr                                0x40000000   Data           4  led.o(.data)
    .data                                    0x40000004   Section        4  watch.o(.data)
    .data                                    0x40000008   Section       49  decoder.o(.data)
    .data                                    0x4000003c   Section        8  timer_interrupts.o(.data)
    .bss                                     0x40000044   Section       12  servo.o(.bss)
    .bss                                     0x40000050   Section       85  uart.o(.bss)
    .bss                                     0x400000a8   Section       16  decoder.o(.bss)
    STACK                                    0x400000b8   Section     1160  startup.o(STACK)
    Stack_Top                                0x40000540   Data           0  startup.o(STACK)

    Global Symbols

    Symbol Name                              Value     Ov Type        Size  Object(Section)

    BuildAttributes$$THM_ISAv1$ARM_ISAv4$S$PE$A:L22$X:L11$S22$IEEE1$IW$USESV6$~STKCKD$USESV7$~SHL$OSPACE$EBA8$MICROLIB$REQ8$PRES8$EABIv2 0x00000000   Number         0  anon$$obj.o ABSOLUTE
    __ARM_use_no_argv                        0x00000000   Number         0  main.o ABSOLUTE
    __cpp_initialize__aeabi_                  - Undefined Weak Reference
    __cxa_finalize                            - Undefined Weak Reference
    __decompress                              - Undefined Weak Reference
    _clock_init                               - Undefined Weak Reference
    _microlib_exit                            - Undefined Weak Reference
    Reset_Handler                            0x00000058   ARM Code       0  startup.o(RESET)
    __main                                   0x00000108   ARM Code       0  entry.o(.ARM.Collect$$$$00000000)
    _main_stk                                0x00000108   ARM Code       0  entry2.o(.ARM.Collect$$$$00000001)
    _main_scatterload                        0x0000010c   ARM Code       0  entry5.o(.ARM.Collect$$$$00000004)
    __main_after_scatterload                 0x00000110   ARM Code       0  entry5.o(.ARM.Collect$$$$00000004)
    _main_clock                              0x00000110   ARM Code       0  entry7b.o(.ARM.Collect$$$$00000008)
    _main_cpp_init                           0x00000110   ARM Code       0  entry8b.o(.ARM.Collect$$$$0000000A)
    _main_init                               0x00000110   ARM Code       0  entry9a.o(.ARM.Collect$$$$0000000B)
    __rt_final_cpp                           0x0000011c   ARM Code       0  entry10a.o(.ARM.Collect$$$$0000000D)
    __rt_final_exit                          0x0000011c   ARM Code       0  entry11a.o(.ARM.Collect$$$$0000000F)
    Keyboard_Init()                          0x00000120   ARM Code      24  keyboard.o(.text)
    eKeyboard_Read()                         0x00000138   ARM Code     104  keyboard.o(.text)
    main                                     0x000001a4   ARM Code     576  main.o(.text)
    Led_Init()                               0x00000420   ARM Code      40  led.o(.text)
    Led_On(unsigned char)                    0x00000448   ARM Code     144  led.o(.text)
    Led_Step(Direction)                      0x000004d8   ARM Code     120  led.o(.text)
    DetectorInit()                           0x00000558   ARM Code      24  servo.o(.text)
    eReadDetector()                          0x00000570   ARM Code      32  servo.o(.text)
    ServoAutomate()                          0x00000590   ARM Code     316  servo.o(.text)
    Servo_Callib()                           0x000006cc   ARM Code      24  servo.o(.text)
    Servo_GoTo(unsigned)                     0x000006e4   ARM Code      12  servo.o(.text)
    Servo_Init(unsigned)                     0x000006f0   ARM Code      60  servo.o(.text)
    Update()                                 0x00000738   ARM Code      80  watch.o(.text)
    Wath_Init()                              0x00000788   ARM Code      24  watch.o(.text)
    UART_Rx_GetStringCopy(char*)             0x000007a8   ARM Code      40  uart.o(.text)
    eUART_Rx_GetStatus()                     0x000007d0   ARM Code      12  uart.o(.text)
    PutCharToRxBuffer(char)                  0x000007dc   ARM Code     120  uart.o(.text)
    GetCharFromTxBuffer()                    0x00000854   ARM Code     112  uart.o(.text)
    UART_Tx_SendString(char*)                0x000008c4   ARM Code      64  uart.o(.text)
    eUART_Tx_GetStatus()                     0x00000904   ARM Code      12  uart.o(.text)
    InterruptServiceRoutine()                0x00000910   ARM Code      92  uart.o(.text)
    UART_Init()                              0x0000096c   ARM Code     120  uart.o(.text)
    ucFindTokensInString(char*)              0x000009f4   ARM Code     176  decoder.o(.text)
    eSringToKeyword(char*, KeywordCode*)     0x00000aa4   ARM Code     104  decoder.o(.text)
    DecodeTokens()                           0x00000b0c   ARM Code     124  decoder.o(.text)
    DecodeMsg(char*)                         0x00000b88   ARM Code      52  decoder.o(.text)
    CopyString(char*, char*)                 0x00000bc8   ARM Code      52  strings.o(.text)
    ReplaceCharacterInString(char*, char, char) 0x00000bfc   ARM Code      52  strings.o(.text)
    eCompareString(char*, char*)             0x00000c30   ARM Code      80  strings.o(.text)
    AppendString(char*, char*)               0x00000c80   ARM Code      60  strings.o(.text)
    UIntToHexStr(unsigned, char*)            0x00000cbc   ARM Code     112  strings.o(.text)
    AppendUIntToString(unsigned, char*)      0x00000d2c   ARM Code      60  strings.o(.text)
    eHexStringToUInt(char*, unsigned*)       0x00000d68   ARM Code     224  strings.o(.text)
    Timer0IRQHandler()                       0x00000e48   ARM Code      48  timer_interrupts.o(.text)
    Timer0Interrupts_Init(unsigned, void(*)()) 0x00000e78   ARM Code      92  timer_interrupts.o(.text)
    Timer1IRQHandler()                       0x00000ed4   ARM Code      48  timer_interrupts.o(.text)
    Timer1Interrupts_Init(unsigned, void(*)()) 0x00000f04   ARM Code      92  timer_interrupts.o(.text)
    Inline ARM to Thumb Veneer to __aeabi_uidivmod 0x00000f70   ARM Code       8  uidiv.o(.text)
    __aeabi_uidiv                            0x00000f79   Thumb Code     0  uidiv.o(.text)
    __aeabi_uidivmod                         0x00000f79   Thumb Code    46  uidiv.o(.text)
    Inline ARM to Thumb Veneer to __scatterload 0x00000fa8   ARM Code       8  init.o(.text)
    __scatterload                            0x00000fb1   Thumb Code    24  init.o(.text)
    __scatterload_rt2                        0x00000fb1   Thumb Code     0  init.o(.text)
    Short Thumb to ARM Veneer to __main_after_scatterload 0x00000fd1   Thumb Code     8  anon$$obj.o(Veneer$$Code)
    __ARM_common_call_via_r3                 0x00000fd9   Thumb Code     2  init.o(i.__ARM_common_call_via_r3)
    __scatterload_copy                       0x00000fdc   ARM Code      28  handlers.o(i.__scatterload_copy)
    __scatterload_null                       0x00000ff8   ARM Code       4  handlers.o(i.__scatterload_null)
    __scatterload_zeroinit                   0x00000ffc   ARM Code      24  handlers.o(i.__scatterload_zeroinit)
    Region$$Table$$Base                      0x00001014   Number         0  anon$$obj.o(Region$$Table)
    Region$$Table$$Limit                     0x00001034   Number         0  anon$$obj.o(Region$$Table)
    sWatch                                   0x40000004   Data           4  watch.o(.data)
    asKeywords                               0x40000008   Data          48  decoder.o(.data)
    ucTokenNr                                0x40000038   Data           1  decoder.o(.data)
    ptrTimer0InterruptFunction               0x4000003c   Data           4  timer_interrupts.o(.data)
    ptrTimer1InterruptFunction               0x40000040   Data           4  timer_interrupts.o(.data)
    sServo                                   0x40000044   Data          12  servo.o(.bss)
    sRxBuffer                                0x40000050   Data          42  uart.o(.bss)
    sTxBuffer                                0x4000007a   Data          43  uart.o(.bss)
    asTokens                                 0x400000a8   Data          16  decoder.o(.bss)
    __initial_sp                             0x400004b8   Data         136  startup.o(STACK)



==============================================================================

Memory Map of the image

  Image Entry point : 0x00000108

  Load Region LR_IROM1 (Base: 0x00000000, Size: 0x00001078, Max: 0x00040000, ABSOLUTE)

    Execution Region ER_IROM1 (Base: 0x00000000, Size: 0x00001034, Max: 0x00040000, ABSOLUTE)

    Base Addr    Size         Type   Attr      Idx    E Section Name        Object

    0x00000000   0x00000108   Code   RO            3    RESET               startup.o
    0x00000108   0x00000000   Code   RO          160  * .ARM.Collect$$$$00000000  mc_t.l(entry.o)
    0x00000108   0x00000004   Code   RO          165    .ARM.Collect$$$$00000001  mc_t.l(entry2.o)
    0x0000010c   0x00000004   Code   RO          167    .ARM.Collect$$$$00000004  mc_t.l(entry5.o)
    0x00000110   0x00000000   Code   RO          169    .ARM.Collect$$$$00000008  mc_t.l(entry7b.o)
    0x00000110   0x00000000   Code   RO          171    .ARM.Collect$$$$0000000A  mc_t.l(entry8b.o)
    0x00000110   0x0000000c   Code   RO          172    .ARM.Collect$$$$0000000B  mc_t.l(entry9a.o)
    0x0000011c   0x00000000   Code   RO          174    .ARM.Collect$$$$0000000D  mc_t.l(entry10a.o)
    0x0000011c   0x00000000   Code   RO          176    .ARM.Collect$$$$0000000F  mc_t.l(entry11a.o)
    0x0000011c   0x00000004   Code   RO          166    .ARM.Collect$$$$00002712  mc_t.l(entry2.o)
    0x00000120   0x00000084   Code   RO            8    .text               keyboard.o
    0x000001a4   0x0000027c   Code   RO           26    .text               main.o
    0x00000420   0x00000138   Code   RO           48    .text               led.o
    0x00000558   0x000001e0   Code   RO           63    .text               servo.o
    0x00000738   0x00000070   Code   RO           79    .text               watch.o
    0x000007a8   0x0000024c   Code   RO           95    .text               uart.o
    0x000009f4   0x000001d4   Code   RO          114    .text               decoder.o
    0x00000bc8   0x00000280   Code   RO          131    .text               strings.o
    0x00000e48   0x00000128   Code   RO          144    .text               timer_interrupts.o
    0x00000f70   0x00000008   Ven    RO          163    .text               mc_t.l(uidiv.o)
    0x00000f78   0x0000002e   Code   RO          163    .text               mc_t.l(uidiv.o)
    0x00000fa6   0x00000002   PAD
    0x00000fa8   0x00000008   Ven    RO          178    .text               mc_t.l(init.o)
    0x00000fb0   0x00000020   Code   RO          178    .text               mc_t.l(init.o)
    0x00000fd0   0x00000008   Ven    RO          192    Veneer$$Code        anon$$obj.o
    0x00000fd8   0x00000002   Code   RO          180    i.__ARM_common_call_via_r3  mc_t.l(init.o)
    0x00000fda   0x00000002   PAD
    0x00000fdc   0x0000001c   Code   RO          184    i.__scatterload_copy  mc_t.l(handlers.o)
    0x00000ff8   0x00000004   Code   RO          185    i.__scatterload_null  mc_t.l(handlers.o)
    0x00000ffc   0x00000018   Code   RO          186    i.__scatterload_zeroinit  mc_t.l(handlers.o)
    0x00001014   0x00000020   Data   RO          182    Region$$Table       anon$$obj.o


    Execution Region RW_IRAM1 (Base: 0x40000000, Size: 0x00000540, Max: 0x00008000, ABSOLUTE)

    Base Addr    Size         Type   Attr      Idx    E Section Name        Object

    0x40000000   0x00000004   Data   RW           50    .data               led.o
    0x40000004   0x00000004   Data   RW           81    .data               watch.o
    0x40000008   0x00000031   Data   RW          117    .data               decoder.o
    0x40000039   0x00000003   PAD
    0x4000003c   0x00000008   Data   RW          146    .data               timer_interrupts.o
    0x40000044   0x0000000c   Zero   RW           65    .bss                servo.o
    0x40000050   0x00000055   Zero   RW           97    .bss                uart.o
    0x400000a5   0x00000003   PAD
    0x400000a8   0x00000010   Zero   RW          116    .bss                decoder.o
    0x400000b8   0x00000488   Zero   RW            1    STACK               startup.o


==============================================================================

Image component sizes


      Code (inc. data)   RO Data    RW Data    ZI Data      Debug   Object Name

       468         12          0         49         16       2050   decoder.o
       132          4          0          0          0       3863   keyboard.o
       312          8          0          4          0       1019   led.o
       636         60          0          0          0       1975   main.o
       480         12          0          0         12       1927   servo.o
       264         48          0          0       1160        280   startup.o
       640          0          0          0          0       2403   strings.o
       296         16          0          8          0       1940   timer_interrupts.o
       588         16          0          0         85       2919   uart.o
       112          8          0          4          0        688   watch.o

    ----------------------------------------------------------------------
      3936        184         32         68       1276      19064   Object Totals
         8          0         32          0          0          0   (incl. Generated)
         0          0          0          3          3          0   (incl. Padding)

    ----------------------------------------------------------------------

      Code (inc. data)   RO Data    RW Data    ZI Data      Debug   Library Member Name

         0          0          0          0          0          0   entry.o
         0          0          0          0          0          0   entry10a.o
         0          0          0          0          0          0   entry11a.o
         8          4          0          0          0          0   entry2.o
         4          0          0          0          0          0   entry5.o
         0          0          0          0          0          0   entry7b.o
         0          0          0          0          0          0   entry8b.o
        12          4          0          0          0          0   entry9a.o
        56          0          0          0          0          0   handlers.o
        42          8          0          0          0        136   init.o
        54          0          0          0          0         72   uidiv.o

    ----------------------------------------------------------------------
       180         16          0          0          0        208   Library Totals
         4          0          0          0          0          0   (incl. Padding)

    ----------------------------------------------------------------------

      Code (inc. data)   RO Data    RW Data    ZI Data      Debug   Library Name

       176         16          0          0          0        208   mc_t.l

    ----------------------------------------------------------------------
       180         16          0          0          0        208   Library Totals

    ----------------------------------------------------------------------

==============================================================================


      Code (inc. data)   RO Data    RW Data    ZI Data      Debug   

      4116        200         32         68       1276      18440   Grand Totals
      4116        200         32         68       1276      18440   ELF Image Totals
      4116        200         32         68          0          0   ROM Totals

==============================================================================

    Total RO  Size (Code + RO Data)                 4148 (   4.05kB)
    Total RW  Size (RW Data + ZI Data)              1344 (   1.31kB)
    Total ROM Size (Code + RO Data + RW Data)       4216 (   4.12kB)

==============================================================================

