<html>
<body>
<pre>
<h1>µVision Build Log</h1>
<h2>Project:</h2>
C:\Users\Jasiek\Documents\PPO\PPO\SERVO\1_2\servo.uvproj
Project File Date:  06/01/2026

<h2>Output:</h2>
Rebuild target 'Target 1'
assembling Startup.s...
compiling keyboard.c...
compiling led.c...
compiling main.c...
compiling servo.c...
compiling strings.c...
compiling timer_interrupts.c...
compiling uart.c...
compiling watch.c...
compiling decoder.c...
linking...
Program Size: Code=4808 RO-data=32 RW-data=68 ZI-data=1372  
FromELF: creating hex file...
".\servo.axf" - 0 Errors, 0 Warning(s).
Rebuild target 'Target 1'
assembling Startup.s...
compiling strings.c...
compiling timer_interrupts.c...
compiling keyboard.cpp...
compiling main.cpp...
compiling led.cpp...
led.cpp(51): warning:  #1-D: last line of file ends without a newline
compiling servo.cpp...
servo.cpp(88): warning:  #1-D: last line of file ends without a newline
compiling watch.cpp...
compiling uart.cpp...
compiling decoder.cpp...
decoder.cpp(79): warning:  #1-D: last line of file ends without a newline
linking...
.\servo.axf: Error: L6218E: Undefined symbol CopyString(char*, char*) (referred from main.o).
.\servo.axf: Error: L6218E: Undefined symbol AppendString(char*, char*) (referred from main.o).
.\servo.axf: Error: L6218E: Undefined symbol AppendUIntToString(unsigned, char*) (referred from main.o).
.\servo.axf: Error: L6218E: Undefined symbol Timer0Interrupts_Init(unsigned, void(*)()) (referred from servo.o).
.\servo.axf: Error: L6218E: Undefined symbol Timer1Interrupts_Init(unsigned, void(*)()) (referred from watch.o).
.\servo.axf: Error: L6218E: Undefined symbol eCompareString(char*, char*) (referred from decoder.o).
.\servo.axf: Error: L6218E: Undefined symbol eHexStringToUInt(char*, unsigned*) (referred from decoder.o).
.\servo.axf: Error: L6218E: Undefined symbol ReplaceCharacterInString(char*, char, char) (referred from decoder.o).
".\servo.axf" - 8 Errors, 3 Warning(s).
Target not created
Rebuild target 'Target 1'
assembling Startup.s...
compiling strings.c...
compiling timer_interrupts.c...
compiling keyboard.cpp...
compiling main.cpp...
compiling led.cpp...
led.cpp(51): warning:  #1-D: last line of file ends without a newline
compiling servo.cpp...
servo.cpp(88): warning:  #1-D: last line of file ends without a newline
compiling watch.cpp...
compiling uart.cpp...
compiling decoder.cpp...
decoder.cpp(79): warning:  #1-D: last line of file ends without a newline
compiling strings.cpp...
linking...
.\servo.axf: Warning: L6304W: Duplicate input file .\strings.o ignored.
.\servo.axf: Error: L6218E: Undefined symbol Timer0Interrupts_Init(unsigned, void(*)()) (referred from servo.o).
.\servo.axf: Error: L6218E: Undefined symbol Timer1Interrupts_Init(unsigned, void(*)()) (referred from watch.o).
".\servo.axf" - 2 Errors, 4 Warning(s).
Target not created
Rebuild target 'Target 1'
assembling Startup.s...
compiling timer_interrupts.c...
compiling keyboard.cpp...
compiling main.cpp...
compiling led.cpp...
led.cpp(51): warning:  #1-D: last line of file ends without a newline
compiling servo.cpp...
servo.cpp(88): warning:  #1-D: last line of file ends without a newline
compiling watch.cpp...
compiling uart.cpp...
compiling decoder.cpp...
decoder.cpp(79): warning:  #1-D: last line of file ends without a newline
compiling strings.cpp...
linking...
.\servo.axf: Error: L6218E: Undefined symbol Timer0Interrupts_Init(unsigned, void(*)()) (referred from servo.o).
.\servo.axf: Error: L6218E: Undefined symbol Timer1Interrupts_Init(unsigned, void(*)()) (referred from watch.o).
".\servo.axf" - 2 Errors, 3 Warning(s).
Target not created
Rebuild target 'Target 1'
assembling Startup.s...
compiling keyboard.cpp...
compiling main.cpp...
compiling led.cpp...
led.cpp(51): warning:  #1-D: last line of file ends without a newline
compiling servo.cpp...
servo.cpp(88): warning:  #1-D: last line of file ends without a newline
compiling watch.cpp...
compiling uart.cpp...
compiling decoder.cpp...
decoder.cpp(79): warning:  #1-D: last line of file ends without a newline
compiling strings.cpp...
compiling timer_interrupts.cpp...
timer_interrupts.cpp(80): warning:  #1-D: last line of file ends without a newline
linking...
Program Size: Code=4808 RO-data=32 RW-data=68 ZI-data=1372  
FromELF: creating hex file...
".\servo.axf" - 0 Errors, 4 Warning(s).
Rebuild target 'Target 1'
assembling Startup.s...
compiling keyboard.cpp...
compiling main.cpp...
compiling led.cpp...
compiling servo.cpp...
compiling watch.cpp...
compiling uart.cpp...
compiling decoder.cpp...
compiling strings.cpp...
compiling timer_interrupts.cpp...
linking...
Program Size: Code=4808 RO-data=32 RW-data=68 ZI-data=1372  
FromELF: creating hex file...
".\servo.axf" - 0 Errors, 0 Warning(s).
Rebuild target 'Target 1'
assembling Startup.s...
compiling keyboard.cpp...
compiling main.cpp...
compiling led.cpp...
compiling servo.cpp...
compiling watch.cpp...
compiling uart.cpp...
compiling decoder.cpp...
compiling strings.cpp...
compiling timer_interrupts.cpp...
linking...
Program Size: Code=4116 RO-data=32 RW-data=68 ZI-data=1276  
FromELF: creating hex file...
".\servo.axf" - 0 Errors, 0 Warning(s).
